// Jest Snapshot v1, https://goo.gl/fbAQLP

exports[`builder concerns renders progress note popup with templates renders progress note 1`] = `
<div>
  <div
    className="topBar"
  >
    <div
      className="topBarLabel"
    >
      Progress Note: 
      Progress Note Template Title
    </div>
    <div
      className="closeButton"
      onClick={[MockFunction]}
    />
  </div>
  <div
    className="middleBar"
  >
    <Link
      className="patientContainer"
      replace={false}
      to="/patients/patient-id"
    >
      <Apollo(PatientPhoto)
        gender="male"
        hasUploadedPhoto={false}
        patientId="patient-id"
        type="circleLarge"
      />
      <div
        className="patientContainerRight"
      >
        <div
          className="patientName"
        >
          Bob Smith
        </div>
        <FormattedRelative
          updateInterval={10000}
          value="2017-09-07T13:45:14.532Z"
        >
          [Function]
        </FormattedRelative>
      </div>
    </Link>
    <Button
      color="blue"
      disabled={true}
      messageId="patient.submitProgressNote"
      onClick={[Function]}
    />
  </div>
  <UnderlineTabs>
    <UnderlineTab
      messageId="patient.context"
      onClick={[Function]}
      selected={true}
    />
    <UnderlineTab
      messageId="patient.activity"
      onClick={[Function]}
      selected={false}
    />
  </UnderlineTabs>
  <div
    className="bottomSection"
  >
    <Apollo(ProgressNoteContext)
      close={[MockFunction]}
      disabled={false}
      onChange={[Function]}
      progressNote={
        Object {
          "completedAt": null,
          "createdAt": "2017-09-07T13:45:14.532Z",
          "deletedAt": null,
          "id": "progress-note-id",
          "location": null,
          "memberConcern": "member concern",
          "needsSupervisorReview": null,
          "patient": Object {
            "cityblockId": 123,
            "computedPatientStatus": Object {
              "isAdvancedDirectivesAdded": true,
              "isConsentSigned": false,
              "isCoreIdentityVerified": true,
              "isDemographicInfoUpdated": true,
              "isEmergencyContactAdded": false,
              "isPhotoAddedOrDeclined": false,
            },
            "coreIdentityVerifiedAt": "2017-09-07T13:45:14.532Z",
            "coreIdentityVerifiedById": "id2",
            "createdAt": "2017-09-07T13:45:14.532Z",
            "dateOfBirth": "01/01/1999",
            "deletedAt": null,
            "firstName": "Bob",
            "homeClinicId": "clinic-id",
            "id": "patient-id",
            "lastName": "Smith",
            "middleName": null,
            "mrn": "12345",
            "nmi": "12345",
            "patientDataFlags": Array [],
            "patientInfo": Object {
              "canReceiveCalls": true,
              "gender": "male",
              "genderFreeText": null,
              "googleCalendarId": null,
              "hasDeclinedPhotoUpload": false,
              "hasEmail": true,
              "hasHealthcareProxy": false,
              "hasMolst": false,
              "hasUploadedPhoto": false,
              "id": "patient-info-id",
              "isMarginallyHoused": false,
              "language": "en",
              "maritalStatus": "currentlyMarried",
              "preferredContactMethod": "phone",
              "preferredContactTime": "afternoon",
              "preferredName": "Bobby",
              "primaryAddress": Object {
                "city": "Brooklyn",
                "description": "work",
                "id": "address-1-id",
                "state": "NY",
                "street1": "55 Washington St",
                "street2": "Unit 552",
                "zip": "11201",
              },
              "primaryEmail": Object {
                "emailAddress": "test@email.com",
                "id": "email-1-id",
              },
              "primaryPhone": Object {
                "description": "main phone number",
                "id": "phone-1-id",
                "phoneNumber": "555-555-5555",
                "type": "mobile",
              },
              "transgender": "no",
            },
            "patientState": Object {
              "currentState": "outreach",
              "id": "patientStateId",
            },
            "scratchPad": "Note",
            "ssnEnd": "1234",
            "updatedAt": "2017-09-07T13:45:14.532Z",
          },
          "patientId": "patient-id",
          "progressNoteTemplate": Object {
            "createdAt": "2017-09-07T13:45:14.532Z",
            "deletedAt": null,
            "id": "progress-note-template-id",
            "title": "Progress Note Template Title",
            "updatedAt": "2017-09-07T13:45:14.532Z",
          },
          "progressNoteTemplateId": "progress-note-template-id",
          "reviewedBySupervisorAt": null,
          "startedAt": null,
          "summary": "summary!",
          "supervisor": null,
          "supervisorId": null,
          "supervisorNotes": null,
          "updatedAt": "2017-09-07T13:45:14.532Z",
          "user": Object {
            "awayMessage": "Winter is here",
            "createdAt": "2017-09-07T13:45:14.532Z",
            "email": "a@b.com",
            "firstName": "first",
            "googleProfileImageUrl": null,
            "homeClinicId": "clinic-id",
            "id": "id",
            "isAvailable": true,
            "lastName": "last",
            "locale": "en",
            "permissions": "orange",
            "phone": "(212) 555-8394",
            "updatedAt": "2017-09-07T13:45:14.532Z",
            "userRole": "physician",
          },
          "worryScore": 2,
        }
      }
      progressNoteTemplates={
        Array [
          Object {
            "createdAt": "2017-09-07T13:45:14.532Z",
            "deletedAt": null,
            "id": "progress-note-template-id",
            "title": "Progress Note Template Title",
            "updatedAt": "2017-09-07T13:45:14.532Z",
          },
        ]
      }
      questions={
        Array [
          Object {
            "answerType": "radio",
            "answers": Array [
              Object {
                "concernSuggestions": Array [],
                "createdAt": "Thu Jul 13 2017 16:52:56 GMT-0400 (EDT)",
                "deletedAt": null,
                "displayValue": "answer value",
                "goalSuggestions": Array [],
                "id": "answer-id",
                "inSummary": true,
                "order": 1,
                "questionId": "cool-task-id",
                "riskAdjustmentType": "increment",
                "riskArea": null,
                "screeningTool": null,
                "summaryText": "summary text",
                "updatedAt": "Thu Jul 13 2017 16:52:56 GMT-0400 (EDT)",
                "value": "true",
                "valueType": "boolean",
              },
            ],
            "applicableIfQuestionConditions": Array [
              Object {
                "answerId": "answer-id",
                "id": "question-condition",
                "questionId": "cool-question-id",
              },
            ],
            "applicableIfType": "allTrue",
            "computedField": null,
            "computedFieldId": null,
            "createdAt": "Thu Jul 13 2017 16:52:56 GMT-0400 (EDT)",
            "deletedAt": null,
            "id": "cool-question-id",
            "order": 1,
            "otherTextAnswerId": null,
            "riskAreaId": "risk-area-id",
            "screeningToolId": null,
            "title": "Question Title",
            "updatedAt": "Thu Jul 13 2017 16:52:56 GMT-0400 (EDT)",
            "validatedSource": "validated source",
          },
        ]
      }
    />
    <Apollo(Apollo(ProgressNoteCosignature))
      disabled={false}
      progressNote={
        Object {
          "completedAt": null,
          "createdAt": "2017-09-07T13:45:14.532Z",
          "deletedAt": null,
          "id": "progress-note-id",
          "location": null,
          "memberConcern": "member concern",
          "needsSupervisorReview": null,
          "patient": Object {
            "cityblockId": 123,
            "computedPatientStatus": Object {
              "isAdvancedDirectivesAdded": true,
              "isConsentSigned": false,
              "isCoreIdentityVerified": true,
              "isDemographicInfoUpdated": true,
              "isEmergencyContactAdded": false,
              "isPhotoAddedOrDeclined": false,
            },
            "coreIdentityVerifiedAt": "2017-09-07T13:45:14.532Z",
            "coreIdentityVerifiedById": "id2",
            "createdAt": "2017-09-07T13:45:14.532Z",
            "dateOfBirth": "01/01/1999",
            "deletedAt": null,
            "firstName": "Bob",
            "homeClinicId": "clinic-id",
            "id": "patient-id",
            "lastName": "Smith",
            "middleName": null,
            "mrn": "12345",
            "nmi": "12345",
            "patientDataFlags": Array [],
            "patientInfo": Object {
              "canReceiveCalls": true,
              "gender": "male",
              "genderFreeText": null,
              "googleCalendarId": null,
              "hasDeclinedPhotoUpload": false,
              "hasEmail": true,
              "hasHealthcareProxy": false,
              "hasMolst": false,
              "hasUploadedPhoto": false,
              "id": "patient-info-id",
              "isMarginallyHoused": false,
              "language": "en",
              "maritalStatus": "currentlyMarried",
              "preferredContactMethod": "phone",
              "preferredContactTime": "afternoon",
              "preferredName": "Bobby",
              "primaryAddress": Object {
                "city": "Brooklyn",
                "description": "work",
                "id": "address-1-id",
                "state": "NY",
                "street1": "55 Washington St",
                "street2": "Unit 552",
                "zip": "11201",
              },
              "primaryEmail": Object {
                "emailAddress": "test@email.com",
                "id": "email-1-id",
              },
              "primaryPhone": Object {
                "description": "main phone number",
                "id": "phone-1-id",
                "phoneNumber": "555-555-5555",
                "type": "mobile",
              },
              "transgender": "no",
            },
            "patientState": Object {
              "currentState": "outreach",
              "id": "patientStateId",
            },
            "scratchPad": "Note",
            "ssnEnd": "1234",
            "updatedAt": "2017-09-07T13:45:14.532Z",
          },
          "patientId": "patient-id",
          "progressNoteTemplate": Object {
            "createdAt": "2017-09-07T13:45:14.532Z",
            "deletedAt": null,
            "id": "progress-note-template-id",
            "title": "Progress Note Template Title",
            "updatedAt": "2017-09-07T13:45:14.532Z",
          },
          "progressNoteTemplateId": "progress-note-template-id",
          "reviewedBySupervisorAt": null,
          "startedAt": null,
          "summary": "summary!",
          "supervisor": null,
          "supervisorId": null,
          "supervisorNotes": null,
          "updatedAt": "2017-09-07T13:45:14.532Z",
          "user": Object {
            "awayMessage": "Winter is here",
            "createdAt": "2017-09-07T13:45:14.532Z",
            "email": "a@b.com",
            "firstName": "first",
            "googleProfileImageUrl": null,
            "homeClinicId": "clinic-id",
            "id": "id",
            "isAvailable": true,
            "lastName": "last",
            "locale": "en",
            "permissions": "orange",
            "phone": "(212) 555-8394",
            "updatedAt": "2017-09-07T13:45:14.532Z",
            "userRole": "physician",
          },
          "worryScore": 2,
        }
      }
      updateProgressNote={[Function]}
    />
  </div>
</div>
`;

exports[`builder concerns renders progress note popup with templates renders progress note popup with templates 1`] = `
<div>
  <div
    className="topBar"
  >
    <div
      className="topBarLabel"
    >
      Progress Note: 
      Progress Note Template Title
    </div>
    <div
      className="closeButton"
      onClick={[MockFunction]}
    />
  </div>
  <div
    className="middleBar"
  >
    <Link
      className="patientContainer"
      replace={false}
      to="/patients/patient-id"
    >
      <Apollo(PatientPhoto)
        gender="male"
        hasUploadedPhoto={false}
        patientId="patient-id"
        type="circleLarge"
      />
      <div
        className="patientContainerRight"
      >
        <div
          className="patientName"
        >
          Bob Smith
        </div>
        <FormattedRelative
          updateInterval={10000}
          value="2017-09-07T13:45:14.532Z"
        >
          [Function]
        </FormattedRelative>
      </div>
    </Link>
    <Button
      color="blue"
      disabled={true}
      messageId="patient.submitProgressNote"
      onClick={[Function]}
    />
  </div>
  <UnderlineTabs>
    <UnderlineTab
      messageId="patient.context"
      onClick={[Function]}
      selected={true}
    />
    <UnderlineTab
      messageId="patient.activity"
      onClick={[Function]}
      selected={false}
    />
  </UnderlineTabs>
  <div
    className="bottomSection"
  >
    <Apollo(ProgressNoteContext)
      close={[MockFunction]}
      disabled={false}
      onChange={[Function]}
      progressNote={
        Object {
          "completedAt": null,
          "createdAt": "2017-09-07T13:45:14.532Z",
          "deletedAt": null,
          "id": "progress-note-id",
          "location": null,
          "memberConcern": "member concern",
          "needsSupervisorReview": null,
          "patient": Object {
            "cityblockId": 123,
            "computedPatientStatus": Object {
              "isAdvancedDirectivesAdded": true,
              "isConsentSigned": false,
              "isCoreIdentityVerified": true,
              "isDemographicInfoUpdated": true,
              "isEmergencyContactAdded": false,
              "isPhotoAddedOrDeclined": false,
            },
            "coreIdentityVerifiedAt": "2017-09-07T13:45:14.532Z",
            "coreIdentityVerifiedById": "id2",
            "createdAt": "2017-09-07T13:45:14.532Z",
            "dateOfBirth": "01/01/1999",
            "deletedAt": null,
            "firstName": "Bob",
            "homeClinicId": "clinic-id",
            "id": "patient-id",
            "lastName": "Smith",
            "middleName": null,
            "mrn": "12345",
            "nmi": "12345",
            "patientDataFlags": Array [],
            "patientInfo": Object {
              "canReceiveCalls": true,
              "gender": "male",
              "genderFreeText": null,
              "googleCalendarId": null,
              "hasDeclinedPhotoUpload": false,
              "hasEmail": true,
              "hasHealthcareProxy": false,
              "hasMolst": false,
              "hasUploadedPhoto": false,
              "id": "patient-info-id",
              "isMarginallyHoused": false,
              "language": "en",
              "maritalStatus": "currentlyMarried",
              "preferredContactMethod": "phone",
              "preferredContactTime": "afternoon",
              "preferredName": "Bobby",
              "primaryAddress": Object {
                "city": "Brooklyn",
                "description": "work",
                "id": "address-1-id",
                "state": "NY",
                "street1": "55 Washington St",
                "street2": "Unit 552",
                "zip": "11201",
              },
              "primaryEmail": Object {
                "emailAddress": "test@email.com",
                "id": "email-1-id",
              },
              "primaryPhone": Object {
                "description": "main phone number",
                "id": "phone-1-id",
                "phoneNumber": "555-555-5555",
                "type": "mobile",
              },
              "transgender": "no",
            },
            "patientState": Object {
              "currentState": "outreach",
              "id": "patientStateId",
            },
            "scratchPad": "Note",
            "ssnEnd": "1234",
            "updatedAt": "2017-09-07T13:45:14.532Z",
          },
          "patientId": "patient-id",
          "progressNoteTemplate": Object {
            "createdAt": "2017-09-07T13:45:14.532Z",
            "deletedAt": null,
            "id": "progress-note-template-id",
            "title": "Progress Note Template Title",
            "updatedAt": "2017-09-07T13:45:14.532Z",
          },
          "progressNoteTemplateId": "progress-note-template-id",
          "reviewedBySupervisorAt": null,
          "startedAt": null,
          "summary": "summary!",
          "supervisor": null,
          "supervisorId": null,
          "supervisorNotes": null,
          "updatedAt": "2017-09-07T13:45:14.532Z",
          "user": Object {
            "awayMessage": "Winter is here",
            "createdAt": "2017-09-07T13:45:14.532Z",
            "email": "a@b.com",
            "firstName": "first",
            "googleProfileImageUrl": null,
            "homeClinicId": "clinic-id",
            "id": "id",
            "isAvailable": true,
            "lastName": "last",
            "locale": "en",
            "permissions": "orange",
            "phone": "(212) 555-8394",
            "updatedAt": "2017-09-07T13:45:14.532Z",
            "userRole": "physician",
          },
          "worryScore": 2,
        }
      }
      progressNoteTemplates={
        Array [
          Object {
            "createdAt": "2017-09-07T13:45:14.532Z",
            "deletedAt": null,
            "id": "progress-note-template-id",
            "title": "Progress Note Template Title",
            "updatedAt": "2017-09-07T13:45:14.532Z",
          },
        ]
      }
      questions={
        Array [
          Object {
            "answerType": "radio",
            "answers": Array [
              Object {
                "concernSuggestions": Array [],
                "createdAt": "Thu Jul 13 2017 16:52:56 GMT-0400 (EDT)",
                "deletedAt": null,
                "displayValue": "answer value",
                "goalSuggestions": Array [],
                "id": "answer-id",
                "inSummary": true,
                "order": 1,
                "questionId": "cool-task-id",
                "riskAdjustmentType": "increment",
                "riskArea": null,
                "screeningTool": null,
                "summaryText": "summary text",
                "updatedAt": "Thu Jul 13 2017 16:52:56 GMT-0400 (EDT)",
                "value": "true",
                "valueType": "boolean",
              },
            ],
            "applicableIfQuestionConditions": Array [
              Object {
                "answerId": "answer-id",
                "id": "question-condition",
                "questionId": "cool-question-id",
              },
            ],
            "applicableIfType": "allTrue",
            "computedField": null,
            "computedFieldId": null,
            "createdAt": "Thu Jul 13 2017 16:52:56 GMT-0400 (EDT)",
            "deletedAt": null,
            "id": "cool-question-id",
            "order": 1,
            "otherTextAnswerId": null,
            "riskAreaId": "risk-area-id",
            "screeningToolId": null,
            "title": "Question Title",
            "updatedAt": "Thu Jul 13 2017 16:52:56 GMT-0400 (EDT)",
            "validatedSource": "validated source",
          },
        ]
      }
    />
    <Apollo(Apollo(ProgressNoteCosignature))
      disabled={false}
      progressNote={
        Object {
          "completedAt": null,
          "createdAt": "2017-09-07T13:45:14.532Z",
          "deletedAt": null,
          "id": "progress-note-id",
          "location": null,
          "memberConcern": "member concern",
          "needsSupervisorReview": null,
          "patient": Object {
            "cityblockId": 123,
            "computedPatientStatus": Object {
              "isAdvancedDirectivesAdded": true,
              "isConsentSigned": false,
              "isCoreIdentityVerified": true,
              "isDemographicInfoUpdated": true,
              "isEmergencyContactAdded": false,
              "isPhotoAddedOrDeclined": false,
            },
            "coreIdentityVerifiedAt": "2017-09-07T13:45:14.532Z",
            "coreIdentityVerifiedById": "id2",
            "createdAt": "2017-09-07T13:45:14.532Z",
            "dateOfBirth": "01/01/1999",
            "deletedAt": null,
            "firstName": "Bob",
            "homeClinicId": "clinic-id",
            "id": "patient-id",
            "lastName": "Smith",
            "middleName": null,
            "mrn": "12345",
            "nmi": "12345",
            "patientDataFlags": Array [],
            "patientInfo": Object {
              "canReceiveCalls": true,
              "gender": "male",
              "genderFreeText": null,
              "googleCalendarId": null,
              "hasDeclinedPhotoUpload": false,
              "hasEmail": true,
              "hasHealthcareProxy": false,
              "hasMolst": false,
              "hasUploadedPhoto": false,
              "id": "patient-info-id",
              "isMarginallyHoused": false,
              "language": "en",
              "maritalStatus": "currentlyMarried",
              "preferredContactMethod": "phone",
              "preferredContactTime": "afternoon",
              "preferredName": "Bobby",
              "primaryAddress": Object {
                "city": "Brooklyn",
                "description": "work",
                "id": "address-1-id",
                "state": "NY",
                "street1": "55 Washington St",
                "street2": "Unit 552",
                "zip": "11201",
              },
              "primaryEmail": Object {
                "emailAddress": "test@email.com",
                "id": "email-1-id",
              },
              "primaryPhone": Object {
                "description": "main phone number",
                "id": "phone-1-id",
                "phoneNumber": "555-555-5555",
                "type": "mobile",
              },
              "transgender": "no",
            },
            "patientState": Object {
              "currentState": "outreach",
              "id": "patientStateId",
            },
            "scratchPad": "Note",
            "ssnEnd": "1234",
            "updatedAt": "2017-09-07T13:45:14.532Z",
          },
          "patientId": "patient-id",
          "progressNoteTemplate": Object {
            "createdAt": "2017-09-07T13:45:14.532Z",
            "deletedAt": null,
            "id": "progress-note-template-id",
            "title": "Progress Note Template Title",
            "updatedAt": "2017-09-07T13:45:14.532Z",
          },
          "progressNoteTemplateId": "progress-note-template-id",
          "reviewedBySupervisorAt": null,
          "startedAt": null,
          "summary": "summary!",
          "supervisor": null,
          "supervisorId": null,
          "supervisorNotes": null,
          "updatedAt": "2017-09-07T13:45:14.532Z",
          "user": Object {
            "awayMessage": "Winter is here",
            "createdAt": "2017-09-07T13:45:14.532Z",
            "email": "a@b.com",
            "firstName": "first",
            "googleProfileImageUrl": null,
            "homeClinicId": "clinic-id",
            "id": "id",
            "isAvailable": true,
            "lastName": "last",
            "locale": "en",
            "permissions": "orange",
            "phone": "(212) 555-8394",
            "updatedAt": "2017-09-07T13:45:14.532Z",
            "userRole": "physician",
          },
          "worryScore": 2,
        }
      }
      updateProgressNote={[Function]}
    />
  </div>
</div>
`;
