// Jest Snapshot v1, https://goo.gl/fbAQLP

exports[`renders patient panel container correctly 1`] = `
<div
  className={undefined}
>
  <div
    className={undefined}
  >
    <div
      className={undefined}
    >
      <div
        className={undefined}
      >
        Patient Panel
      </div>
      <a
        className={undefined}
        href="/patient-intake"
        onClick={[Function]}
      >
        Add Patient
      </a>
    </div>
  </div>
  <div
    className={undefined}
  >
    <div
      className={undefined}
    >
      <div
        className={undefined}
      >
        <div
          className={undefined}
        >
          <div
            className={undefined}
          >
            First Name
          </div>
          <div
            className={undefined}
          >
            Last Name
          </div>
          <div
            className={undefined}
          >
            Age
          </div>
          <div
            className={undefined}
          >
            Location
          </div>
          <div
            className={undefined}
          >
            Patient Joined
          </div>
          <div
            className={undefined}
          >
            Last Engagement
          </div>
        </div>
      </div>
      <div
        className={undefined}
      >
        <div
          className={undefined}
        >
          <div
            className={undefined}
          />
          <div
            className={undefined}
          >
            Loading
          </div>
        </div>
      </div>
    </div>
    <div
      className={undefined}
    >
      <div
        className={undefined}
      >
        <div
          className="undefined"
          onClick={[Function]}
        />
        <div
          className="undefined"
          onClick={[Function]}
        />
      </div>
    </div>
  </div>
</div>
`;
