// Jest Snapshot v1, https://goo.gl/fbAQLP

exports[`renders patient enrollment container correctly 1`] = `
<div
  className={undefined}
>
  <div
    className={undefined}
  >
    <div
      className={undefined}
    >
      Medium Risk Patient
    </div>
    <div
      className={undefined}
    >
      <div
        className={undefined}
      >
        <div
          className={undefined}
        >
          <img
            src="https://lh4.googleusercontent.com/-fgvDmb1D_Aw/AAAAAAAAAAI/AAAAAAAAAAs/MOKfIO7GrdY/s96-c/photo.jpg"
          />
        </div>
        <div
          className={undefined}
        >
          <div
            className={undefined}
          />
          <div
            className={undefined}
          >
            Unknown
             years old • 
          </div>
        </div>
      </div>
      <div
        className={undefined}
      >
        <div
          className={undefined}
        >
          <div
            className={undefined}
          >
            Date of birth:
          </div>
          <div
            className={undefined}
          >
            Unknown
          </div>
        </div>
        <div
          className={undefined}
        >
          <div
            className={undefined}
          >
            Preferred language:
          </div>
          <div
            className={undefined}
          />
        </div>
        <div
          className={undefined}
        >
          <div
            className={undefined}
          >
            Location:
          </div>
          <div
            className={undefined}
          />
        </div>
        <div
          className={undefined}
        >
          <div
            className={undefined}
          >
            Patient since:
          </div>
          <div
            className={undefined}
          >
            Unknown
          </div>
        </div>
        <div
          className={undefined}
        >
          <div
            className={undefined}
          >
            Medicare ID:
          </div>
          <div
            className={undefined}
          >
            123456789
          </div>
        </div>
      </div>
      <div
        className={undefined}
      >
        <div
          className=""
        />
        <div
          className=""
        />
        <div
          className=""
        />
        <div
          className=""
        />
      </div>
      <div
        className={undefined}
      >
        <textarea
          className={undefined}
          disabled={true}
          onChange={[Function]}
          placeholder="Loading..."
          value=""
        />
        <div
          className={undefined}
        />
      </div>
    </div>
    <div
      className={undefined}
    >
      <div
        className={undefined}
      >
        <div
          className={undefined}
        >
          Active medications
        </div>
        <div
          className={undefined}
        />
      </div>
      <div
        className="undefined"
      >
        <div
          className={undefined}
        >
          Loading...
        </div>
      </div>
    </div>
  </div>
  <div
    className={undefined}
  >
    <div
      className={undefined}
    >
      <div
        className="undefined"
        onClick={[Function]}
      >
        Encounters
      </div>
      <div
        className=""
        onClick={[Function]}
      >
        Patient info
      </div>
    </div>
    <div
      className="undefined"
    >
      <div>
        <div
          className={undefined}
        >
          <div
            className={undefined}
          >
            <div
              className={undefined}
            >
              Sort by:
            </div>
            <div
              className={undefined}
            >
              <select
                value="Newest first"
              >
                <option
                  value="Newest first"
                >
                  Newest first
                </option>
              </select>
            </div>
          </div>
          <div
            className={undefined}
          >
            <input
              placeholder="Search by user or keywords"
              required={true}
              type="text"
            />
          </div>
        </div>
        <div
          className={undefined}
        >
          <div
            className=""
            onClick={[Function]}
          >
            <div
              className=""
            >
              <div
                className={undefined}
              >
                <div
                  className=""
                />
                <div
                  className={undefined}
                >
                  Saving
                </div>
              </div>
              <div
                className={undefined}
              >
                <div
                  className={undefined}
                />
                <div
                  className={undefined}
                >
                  Unable to save encounter
                </div>
                <div
                  className={undefined}
                >
                  Sorry, something went wrong. Please try saving this encounter again.
                </div>
                <div
                  className=""
                  onClick={[Function]}
                >
                  Try again
                </div>
              </div>
            </div>
            <span
              className={undefined}
            >
              Record new encounter
            </span>
            <div
              className={undefined}
            >
              <div
                className={undefined}
              >
                Encounter reason:
              </div>
              <div
                className={undefined}
              >
                <input
                  name="encounterReason"
                  onChange={[Function]}
                  required={true}
                  type="text"
                  value=""
                />
              </div>
              <div
                className={undefined}
              >
                <div
                  className={undefined}
                >
                  <div
                    className={undefined}
                  >
                    Location of encounter:
                  </div>
                  <div
                    className={undefined}
                  >
                    <input
                      name="encounterLocation"
                      onChange={[Function]}
                      required={true}
                      type="text"
                      value=""
                    />
                  </div>
                </div>
                <div
                  className={undefined}
                >
                  <div
                    className={undefined}
                  >
                    Start time:
                  </div>
                  <div
                    className={undefined}
                  >
                    <input
                      name="encounterStartTime"
                      onChange={[Function]}
                      required={true}
                      type="time"
                      value=""
                    />
                  </div>
                </div>
              </div>
              <div
                className={undefined}
              >
                Encounter summary:
              </div>
              <div
                className={undefined}
              >
                <textarea
                  name="encounterSummary"
                  onChange={[Function]}
                  required={true}
                  value=""
                />
              </div>
              <div
                className={undefined}
              >
                <div
                  className={undefined}
                >
                  <div
                    className={undefined}
                  />
                  <div
                    className={undefined}
                  >
                    Add attachment
                  </div>
                </div>
              </div>
              <div
                className={undefined}
              >
                <div
                  className=""
                  onClick={[Function]}
                >
                  Cancel
                </div>
                <div
                  className=""
                  onClick={[Function]}
                >
                  Submit
                </div>
              </div>
            </div>
          </div>
          <div
            className="undefined"
          >
            <div
              className={undefined}
            >
              Loading...
            </div>
          </div>
        </div>
      </div>
    </div>
    <div
      className=""
    >
      <div>
        <div
          className={undefined}
        >
          <div
            className={undefined}
          >
            <div
              className={undefined}
            >
              Jump to:
            </div>
            <div
              className={undefined}
            >
              <select
                className={undefined}
                value="Demographic info"
              >
                <option
                  value="Demographic info"
                >
                  Demographic info
                </option>
              </select>
            </div>
          </div>
          <div
            className=""
          >
            Save changes
          </div>
        </div>
        <div
          className={undefined}
        >
          <div
            className={undefined}
          >
            <div
              className={undefined}
            >
              <div
                className={undefined}
              >
                Demographic information
              </div>
              <div
                className={undefined}
              >
                <div
                  className={undefined}
                >
                  <div
                    className={undefined}
                  >
                    First name
                  </div>
                  <input
                    type="text"
                  />
                </div>
                <div
                  className={undefined}
                >
                  <div
                    className={undefined}
                  >
                    Middle name 
                    <span
                      className={undefined}
                    >
                      optional
                    </span>
                  </div>
                  <input
                    type="text"
                  />
                </div>
                <div
                  className={undefined}
                >
                  <div
                    className={undefined}
                  >
                    Last name
                  </div>
                  <input
                    type="text"
                  />
                </div>
              </div>
              <div
                className={undefined}
              >
                <div
                  className={undefined}
                >
                  <div
                    className={undefined}
                  >
                    Date of birth
                  </div>
                  <input
                    type="date"
                  />
                </div>
                <div
                  className={undefined}
                >
                  <div
                    className={undefined}
                  >
                    Gender
                  </div>
                  <select
                    className={undefined}
                    value="Male"
                  >
                    <option
                      value="Male"
                    >
                      Male
                    </option>
                    <option
                      value="Female"
                    >
                      Female
                    </option>
                  </select>
                </div>
                <div
                  className={undefined}
                >
                  <div
                    className={undefined}
                  >
                    Marital status
                  </div>
                  <select
                    className={undefined}
                    value="Single"
                  >
                    <option
                      value="Single"
                    >
                      Single
                    </option>
                    <option
                      value="Married"
                    >
                      Married
                    </option>
                    <option
                      value="Domestic Partnership"
                    >
                      Domestic Partnership
                    </option>
                  </select>
                </div>
              </div>
              <div
                className={undefined}
              >
                <div
                  className={undefined}
                >
                  <div
                    className={undefined}
                  >
                    Preferred language
                  </div>
                  <select
                    className={undefined}
                    value="English"
                  >
                    <option
                      value="English"
                    >
                      English
                    </option>
                    <option
                      value="Spanish"
                    >
                      Spanish
                    </option>
                    <option
                      value="Chinese"
                    >
                      Chinese
                    </option>
                    <option
                      value="French"
                    >
                      French
                    </option>
                  </select>
                </div>
                <div
                  className={undefined}
                >
                  <div
                    className={undefined}
                  >
                    Race
                  </div>
                  <select
                    className={undefined}
                    value="Declined"
                  >
                    <option
                      value="Declined"
                    >
                      Declined
                    </option>
                    <option
                      value="Ahtna"
                    >
                      Ahtna
                    </option>
                    <option
                      value="Cambodian"
                    >
                      Cambodian
                    </option>
                    <option
                      value="Pakistani"
                    >
                      Pakistani
                    </option>
                  </select>
                </div>
              </div>
              <div
                className={undefined}
              >
                <div
                  className={undefined}
                >
                  Does this patient have a social security number?
                </div>
                <div
                  className={undefined}
                >
                  <div
                    className={undefined}
                  >
                    <div
                      className={undefined}
                    >
                      <input
                        type="radio"
                      />
                      <label />
                    </div>
                    <span
                      className={undefined}
                    >
                      Yes
                    </span>
                  </div>
                  <div
                    className={undefined}
                  >
                    <div
                      className={undefined}
                    >
                      <input
                        type="radio"
                      />
                      <label />
                    </div>
                    <span
                      className={undefined}
                    >
                      No
                    </span>
                  </div>
                </div>
              </div>
              <div
                className={undefined}
              >
                <div
                  className={undefined}
                >
                  <div
                    className={undefined}
                  >
                    Social security number
                  </div>
                  <input
                    type="text"
                  />
                </div>
              </div>
            </div>
            <div
              className={undefined}
            >
              <div
                className={undefined}
              >
                Contact information
              </div>
              <div
                className={undefined}
              >
                <div
                  className={undefined}
                >
                  <div
                    className={undefined}
                  >
                    Email address 
                    <span
                      className={undefined}
                    >
                      optional
                    </span>
                  </div>
                  <input
                    type="text"
                  />
                </div>
                <div
                  className={undefined}
                >
                  <div
                    className={undefined}
                  >
                    Home phone number
                  </div>
                  <input
                    type="phone"
                  />
                </div>
                <div
                  className={undefined}
                >
                  <div
                    className={undefined}
                  >
                    Mobile phone number
                  </div>
                  <input
                    type="phone"
                  />
                </div>
              </div>
            </div>
            <div
              className={undefined}
            >
              <div
                className={undefined}
              >
                Insurance information
              </div>
              <div
                className={undefined}
              >
                <div
                  className={undefined}
                >
                  <div
                    className={undefined}
                  >
                    Insurance type
                  </div>
                  <select
                    className={undefined}
                    value="HMO"
                  >
                    <option
                      value="HMO"
                    >
                      HMO
                    </option>
                    <option
                      value="PPO"
                    >
                      PPO
                    </option>
                    <option
                      value="Medicaid CHIP"
                    >
                      Medicaid CHIP
                    </option>
                  </select>
                </div>
                <div
                  className={undefined}
                >
                  <div
                    className={undefined}
                  >
                    Relationship to policy holder
                  </div>
                  <select
                    className={undefined}
                    value="Self"
                  >
                    <option
                      value="Self"
                    >
                      Self
                    </option>
                    <option
                      value="Spouse"
                    >
                      Spouse
                    </option>
                    <option
                      value="Child"
                    >
                      Child
                    </option>
                  </select>
                </div>
              </div>
              <div
                className={undefined}
              >
                <div
                  className={undefined}
                >
                  <div
                    className={undefined}
                  >
                    Member ID
                  </div>
                  <input
                    type="text"
                  />
                </div>
                <div
                  className={undefined}
                >
                  <div
                    className={undefined}
                  >
                    Policy group number
                  </div>
                  <input
                    type="text"
                  />
                </div>
              </div>
              <div
                className={undefined}
              >
                <div
                  className={undefined}
                >
                  <div
                    className={undefined}
                  >
                    Issue date
                  </div>
                  <input
                    type="date"
                  />
                </div>
                <div
                  className={undefined}
                >
                  <div
                    className={undefined}
                  >
                    Expiration date
                  </div>
                  <input
                    type="date"
                  />
                </div>
              </div>
            </div>
          </div>
        </div>
      </div>
    </div>
  </div>
  <div
    className={undefined}
  >
    <div
      className={undefined}
    >
      <div
        className={undefined}
      >
        <div
          className=""
          onClick={[Function]}
        >
          <div
            className={undefined}
          >
            <div
              className={undefined}
            >
              Team
            </div>
            <div
              className={undefined}
            />
          </div>
          <div
            className={undefined}
          >
            <div
              className={undefined}
            />
            <div
              className={undefined}
            >
              Chat
            </div>
          </div>
        </div>
        <div
          className=""
        />
      </div>
    </div>
  </div>
</div>
`;
