// Jest Snapshot v1, https://goo.gl/fbAQLP

exports[`task row renders task row 1`] = `
<a
  className="undefined"
  href="/foo/bar/cool-task-id"
  onClick={[Function]}
>
  <div
    className={undefined}
  >
    title
  </div>
  <div
    className={undefined}
  >
    <div
      className={undefined}
    >
      <div
        className={undefined}
        style={
          Object {
            "backgroundImage": "url(null)",
          }
        }
      />
      <div
        className={undefined}
      >
        +1
      </div>
    </div>
    <div
      className=""
    >
      <span
        className={undefined}
      >
        Opened
        :
      </span>
      <span
        className={undefined}
      >
        6 days ago
      </span>
    </div>
    <div
      className=""
    >
      <span
        className={undefined}
      >
        Due
        :
      </span>
      <span
        className={undefined}
      >
        Jul 13, 2017
      </span>
    </div>
  </div>
</a>
`;

exports[`task row renders task row with multiple followers 1`] = `
<a
  className="undefined"
  href="/foo/bar/cool-task-id"
  onClick={[Function]}
>
  <div
    className={undefined}
  >
    title
  </div>
  <div
    className={undefined}
  >
    <div
      className={undefined}
    >
      <div
        className={undefined}
        style={
          Object {
            "backgroundImage": "url(null)",
          }
        }
      />
      <div
        className={undefined}
      >
        +2
      </div>
    </div>
    <div
      className=""
    >
      <span
        className={undefined}
      >
        Opened
        :
      </span>
      <span
        className={undefined}
      >
        6 days ago
      </span>
    </div>
    <div
      className=""
    >
      <span
        className={undefined}
      >
        Due
        :
      </span>
      <span
        className={undefined}
      >
        Jul 13, 2017
      </span>
    </div>
  </div>
</a>
`;
