// Jest Snapshot v1, https://goo.gl/fbAQLP

exports[`task row renders task row 1`] = `
<a
  className=""
  href="/foo/bar/task-id"
  onClick={[Function]}
>
  <div
    className={undefined}
  >
    Task Title
  </div>
  <div
    className={undefined}
  >
    <div
      className={undefined}
    >
      <div
        className={undefined}
        style={
          Object {
            "backgroundImage": "url(https://bit.ly/2weRwJm)",
          }
        }
      />
    </div>
    <div
      className=""
    >
      <span
        className={undefined}
      >
        Opened
        :
      </span>
      <span
        className={undefined}
      >
        in 2 months
      </span>
    </div>
    <div
      className={undefined}
    >
      <span
        className={undefined}
      >
        Due
        :
      </span>
      <span
        className={undefined}
      >
        Sep 7, 2017
      </span>
    </div>
  </div>
</a>
`;

exports[`task row renders task row with multiple followers 1`] = `
<a
  className=""
  href="/foo/bar/task-id"
  onClick={[Function]}
>
  <div
    className={undefined}
  >
    Task Title
  </div>
  <div
    className={undefined}
  >
    <div
      className={undefined}
    >
      <div
        className={undefined}
        style={
          Object {
            "backgroundImage": "url(https://bit.ly/2weRwJm)",
          }
        }
      />
      <div
        className={undefined}
      >
        +2
      </div>
    </div>
    <div
      className=""
    >
      <span
        className={undefined}
      >
        Opened
        :
      </span>
      <span
        className={undefined}
      >
        in 2 months
      </span>
    </div>
    <div
      className={undefined}
    >
      <span
        className={undefined}
      >
        Due
        :
      </span>
      <span
        className={undefined}
      >
        Sep 7, 2017
      </span>
    </div>
  </div>
</a>
`;
