// Jest Snapshot v1, https://goo.gl/fbAQLP

exports[`renders care team widget 1`] = `
<div
  className="careTeamMemberRow"
>
  <div
    className="careTeamMemberDetails"
    onClick={[Function]}
  >
    <div
      className="careTeamMemberPhoto"
    >
      <img
        src=""
      />
    </div>
    <div
      className="careTeamMemberLabel"
    >
      <div
        className="careTeamMemberName"
      >
        first last
      </div>
      <div
        className="careTeamMemberRole"
      >
        Physician
      </div>
    </div>
  </div>
  <div
    className="careTeamMemberContact"
  >
    <div
      className="careTeamMemberContactRow"
    >
      <div
        className="careTeamContactIcon careTeamSlackIcon"
      />
      <div
        className="careTeamContactLabel"
      >
        Message on Slack
      </div>
    </div>
    <div
      className="careTeamMemberContactRow"
    >
      <div
        className="careTeamContactIcon careTeamPhoneIcon"
      />
      <div
        className="careTeamContactLabel"
      >
        (252) 258-8922
      </div>
    </div>
    <div
      className="careTeamMemberContactRow"
    >
      <div
        className="careTeamContactIcon careTeamEmailIcon"
      />
      <div
        className="careTeamContactLabel"
      >
        Send an email
      </div>
    </div>
  </div>
</div>
`;
