// Jest Snapshot v1, https://goo.gl/fbAQLP

exports[`renders patient care plan 1`] = `
<div
  className="carePlan"
>
  <div>
    <div
      className="emptyCarePlanSuggestionsContainer"
    >
      <div
        className="emptyCarePlanSuggestionsLogo"
      />
      <div
        className="emptyCarePlanSuggestionsLabel"
      >
        No active concerns or goals for this patient
      </div>
      <div
        className="emptyCarePlanSuggestionsSubtext"
      >
        New concerns and goals will be displayed here as they are added
      </div>
    </div>
    <div
      className="container"
    >
      <p>
        Next Up
      </p>
      <div
        className="divider"
      />
    </div>
    <div
      className="emptyCarePlanSuggestionsContainer"
    >
      <div
        className="emptyCarePlanSuggestionsLogo"
      />
      <div
        className="emptyCarePlanSuggestionsLabel"
      >
        No next up concerns or goals for this patient
      </div>
      <div
        className="emptyCarePlanSuggestionsSubtext"
      >
        New concerns and goals will be displayed here as they are added
      </div>
    </div>
  </div>
</div>
`;
