// Jest Snapshot v1, https://goo.gl/fbAQLP

exports[`renders patient concern 1`] = `
<div
  className={undefined}
>
  <div
    className="undefined"
    onClick={[Function]}
  >
    <div
      className={undefined}
    >
      <div
        className={undefined}
      >
        Concern Title
      </div>
      <div
        className={undefined}
      />
    </div>
    <div
      className={undefined}
    >
      <div
        className={undefined}
      >
        <div
          className={undefined}
        >
          <div
            className={undefined}
          >
            Goals:
          </div>
          <div
            className={undefined}
          >
            1
          </div>
        </div>
        <div
          className={undefined}
        >
          <div
            className={undefined}
          >
            Tasks:
          </div>
          <div
            className={undefined}
          >
            1
          </div>
        </div>
      </div>
      <div
        className={undefined}
      >
        <div
          className={undefined}
        >
          <div
            className={undefined}
          >
            Created:
          </div>
          <div
            className={undefined}
          >
            <span>
              Sep 7, 2017
            </span>
          </div>
        </div>
        <div
          className={undefined}
        >
          <div
            className={undefined}
          >
            Last update:
          </div>
          <div
            className={undefined}
          >
            <span>
              Sep 7, 2017
            </span>
          </div>
        </div>
      </div>
    </div>
  </div>
  <div
    className=""
  >
    <div
      className={undefined}
    >
      <div
        className={undefined}
      >
        <div
          className={undefined}
        >
          <div
            className={undefined}
          >
            Goal 1
          </div>
          <div
            className={undefined}
          >
            <div
              className={undefined}
            >
              Last update:
            </div>
            <div
              className={undefined}
            >
              <span>
                Sep 7, 2017
              </span>
            </div>
          </div>
        </div>
        <div
          className={undefined}
        >
          Goal Title
        </div>
      </div>
      <a
        className="undefined"
        href="/patients/patient-id/tasks/task-id"
        onClick={[Function]}
      >
        <div
          className={undefined}
        >
          Task Title
        </div>
        <div
          className={undefined}
        >
          <div
            className={undefined}
          >
            <div
              className={undefined}
              style={
                Object {
                  "backgroundImage": "url(https://bit.ly/2weRwJm)",
                }
              }
            />
          </div>
          <div
            className=""
          >
            <span
              className={undefined}
            >
              Opened
              :
            </span>
            <span
              className={undefined}
            >
              in 2 months
            </span>
          </div>
          <div
            className={undefined}
          >
            <span
              className={undefined}
            >
              Due
              :
            </span>
            <span
              className={undefined}
            >
              Sep 7, 2017
            </span>
          </div>
        </div>
      </a>
    </div>
  </div>
</div>
`;
