// Jest Snapshot v1, https://goo.gl/fbAQLP

exports[`renders patient care plan view 1`] = `
<div>
  <div
    className="tabs darkTabs"
  >
    <a
      className="tab selectedTab"
      href="/patients/patient-1/map/active"
      onClick={[Function]}
    >
      Active
    </a>
    <a
      className="tab"
      href="/patients/patient-1/map/suggestions"
      onClick={[Function]}
    >
      Suggestions
    </a>
  </div>
  <div
    className="carePlanPanel"
  >
    <div
      className="carePlan"
    >
      <div
        className="emptyCarePlanSuggestionsContainer"
      >
        <div
          className="loadingLabel"
        >
          Loading...
        </div>
      </div>
    </div>
  </div>
</div>
`;
