// Jest Snapshot v1, https://goo.gl/fbAQLP

exports[`renders patient screening tool submission 1`] = `
<div
  className="screeningToolSubmissionSection"
>
  <div
    className="screeningToolSubmission"
  >
    <div
      className="screeningToolSubmissionTitleRow"
    >
      <div
        className="screeningToolSubmissionTitle"
      >
        <div
          className="screeningToolSubmissionTitleLabel"
        >
          Tool results:
        </div>
        <div
          className="screeningToolSubmissionTitleScore"
        >
          <div>
            Screening Tool Score Range
          </div>
          <div
            className="screeningToolSubmissionTitleScoreDivider"
          >
            -
          </div>
          <div>
            5
          </div>
          <div
            className="screeningToolSubmissionTitleInfoButton"
          />
        </div>
      </div>
      <div
        className="screeningToolSubmissionMeta"
      >
        <div
          className="screeningToolSubmissionMetaGroup"
        >
          <div
            className="screeningToolSubmissionMetaLabel"
          >
            Conducted by:
          </div>
          <div
            className="screeningToolSubmissionMetaData"
          >
            first last
          </div>
        </div>
        <div
          className="screeningToolSubmissionMetaGroup"
        >
          <div
            className="screeningToolSubmissionMetaLabel"
          >
            Date conducted:
          </div>
          <div
            className="screeningToolSubmissionMetaData"
          >
            <span>
              Jul 13, 2017
            </span>
          </div>
        </div>
      </div>
    </div>
    <div
      className="screeningToolSubmissionSummaryRow"
    >
      TBD
    </div>
  </div>
</div>
`;
