// Jest Snapshot v1, https://goo.gl/fbAQLP

exports[`renders patient care plan view 1`] = `
<div>
  <div
    className=""
  >
    <a
      className="undefined"
      href="/patients/patient-1/map/active"
      onClick={[Function]}
    >
      Active
    </a>
    <a
      className=""
      href="/patients/patient-1/map/suggestions"
      onClick={[Function]}
    >
      Suggestions
    </a>
  </div>
  <div
    className={undefined}
  >
    <div
      className={undefined}
    >
      <div
        className={undefined}
      >
        <div
          className={undefined}
        >
          Loading...
        </div>
      </div>
    </div>
  </div>
</div>
`;
