// Jest Snapshot v1, https://goo.gl/fbAQLP

exports[`patient profile container renders patient profile container 1`] = `
<div
  className="container"
>
  <PatientModals />
  <PatientProfileLeftNav
    glassBreakId={null}
    patient={undefined}
    patientId="patient-1"
  />
  <div
    className="mainBody"
  >
    <Apollo(PatientIntakeChecklist)
      patientId="patient-1"
    />
    <UnderlineTabs
      color="white"
    >
      <UnderlineTab
        href="/patients/patient-1/360"
        messageId="patient.threeSixty"
        selected={false}
      />
      <UnderlineTab
        href="/patients/patient-1/map/active"
        messageId="patient.map"
        selected={true}
      />
      <UnderlineTab
        href="/patients/patient-1/timeline"
        messageId="patient.timeline"
        selected={false}
      />
      <UnderlineTab
        href="/patients/patient-1/member-info"
        messageId="patient.patientInfo"
        selected={false}
      />
      <UnderlineTab
        href="/patients/patient-1/team"
        messageId="patient.patientTeam"
        selected={false}
      />
    </UnderlineTabs>
    <Switch>
      <Route
        exact={true}
        path="/patients/:patientId/map/:subTab?(/tasks/:taskId)?"
        render={[Function]}
      />
      <Route
        exact={true}
        path="/patients/:patientId/360/:riskAreaGroupId?(/assessment/:riskAreaId)?"
        render={[Function]}
      />
      <Route
        component={[Function]}
        exact={true}
        path="/patients/:patientId/tools/:screeningToolId?"
      />
      <Route
        exact={true}
        path="/patients/:patientId/timeline"
        render={[Function]}
      />
      <Route
        component={[Function]}
        exact={true}
        path="/patients/:patientId/member-info/:subTab?"
      />
      <Route
        component={[Function]}
        exact={true}
        path="/patients/:patientId/team/:subTab?"
      />
    </Switch>
  </div>
</div>
`;
