// Jest Snapshot v1, https://goo.gl/fbAQLP

exports[`renders encounter 1`] = `
<div
  className={undefined}
>
  <div
    className={undefined}
  >
    <div
      className={undefined}
    >
      <div
        className={undefined}
      >
        provider name
      </div>
      <div
        className={undefined}
      >
        provider role
      </div>
    </div>
    <div
      className={undefined}
    >
      <div>
        12:00 AM
      </div>
      <div
        className={undefined}
      >
        10/10/2010
      </div>
    </div>
  </div>
  <div
    className={undefined}
  >
    <div
      className={undefined}
    >
      <div
        className={undefined}
      >
        encounter type
      </div>
      <div
        className={undefined}
      />
    </div>
    <div
      className={undefined}
    >
      TBD: Auctor congue consequat dictum dignissim eleifend et euismod hac in ipsum nascetur nisi nisl odio ornare per potenti pulvinar sapien senectus sociosqu vivamus viverra. Arcu consectetur consequat curabitur diam egestas etiam fringilla habitasse hendrerit interdum lectus morbi nibh nullam phasellus rhoncus ultrices vitae. Accumsan aptent conubia dignissim duis est fames inceptos libero lorem malesuada mauris mi mus nam ornare potenti primis pulvinar purus velit vestibulum. Accumsan arcu auctor consectetur consequat diam dictum dignissim imperdiet inceptos laoreet ligula maecenas magnis massa mauris montes morbi nascetur nibh nisl nunc orci placerat potenti sodales tempus vehicula venenatis.
    </div>
    <div
      className={undefined}
    >
      <div
        className={undefined}
      >
        location
      </div>
      <div
        className={undefined}
      >
        <div
          className={undefined}
          onClick={[Function]}
        >
          <img
            src="http://bit.ly/2u33i9R"
          />
        </div>
        <div
          className={undefined}
          onClick={[Function]}
        >
          <img
            src="http://bit.ly/2sqLuUh"
          />
        </div>
        <div
          className={undefined}
          onClick={[Function]}
        >
          <img
            src="http://bit.ly/2ttumSW"
          />
        </div>
      </div>
    </div>
  </div>
</div>
`;
