// Jest Snapshot v1, https://goo.gl/fbAQLP

exports[`renders patient tasks 1`] = `
<div
  className={undefined}
>
  <div
    className={undefined}
  >
    <div
      className={undefined}
    >
      <div
        className={undefined}
      >
        Sort by:
      </div>
      <div
        className={undefined}
      >
        <select
          onChange={[Function]}
          value="createdAtDesc"
        >
          <option
            value="createdAtDesc"
          >
            Newest first
          </option>
          <option
            value="createdAtAsc"
          >
            Oldest first
          </option>
          <option
            value="dueAtAsc"
          >
            Due soonest
          </option>
          <option
            value="dueAtDesc"
          >
            Due latest
          </option>
          <option
            value="updatedAtDesc"
          >
            Last updated
          </option>
          <option
            value="updatedAtAsc"
          >
            Last updated desc
          </option>
        </select>
      </div>
      <div
        className=""
      >
        <input
          placeholder="Search by user or keywords"
          required={true}
          type="text"
        />
      </div>
    </div>
  </div>
  <div
    className={undefined}
  >
    <div
      className=""
    >
      <div
        className={undefined}
      >
        Loading...
      </div>
      <span
        style={
          Object {
            "fontSize": 0,
          }
        }
      />
    </div>
    <div
      className=""
    />
  </div>
</div>
`;
