// Jest Snapshot v1, https://goo.gl/fbAQLP

exports[`renders question answers 1`] = `
<div
  className=""
>
  <div
    className={undefined}
  >
    <div
      className=""
    >
      <div
        className={undefined}
      >
        <div
          className={undefined}
        >
          <input
            checked={false}
            className={undefined}
            onClick={[Function]}
            type="radio"
            value="true"
          />
          <label
            className={undefined}
          />
        </div>
        <span
          className=""
          onClick={[Function]}
        >
          answer value
        </span>
      </div>
    </div>
  </div>
</div>
`;
