// Jest Snapshot v1, https://goo.gl/fbAQLP

exports[`renders a risk area assessment 1`] = `
<div>
  <div
    className=""
  >
    <div
      className="undefined"
      onClick={[Function]}
    >
      Cancel
    </div>
    <div
      className="undefined"
      onClick={[Function]}
    >
      Save updates
    </div>
    <div
      className=""
      onClick={[Function]}
    >
      Start assessment
    </div>
  </div>
  <div
    className={undefined}
  >
    <div
      className={undefined}
    >
      <div
        className=""
      >
        <div
          className={undefined}
        >
          <div
            className={undefined}
          />
          <div
            className={undefined}
          >
            Loading...
          </div>
        </div>
        <div
          className={undefined}
        >
          <div
            className={undefined}
          >
            Last updated:
          </div>
          <div
            className={undefined}
          >
            1 week ago
          </div>
        </div>
      </div>
    </div>
  </div>
</div>
`;

exports[`renders questions with correct visibility 1`] = `
Array [
  <RiskAreaQuestion
    answerData={
        Object {
            "answers": Array [],
            "changed": false,
            "oldAnswers": Array [],
          }
    }
    editable={false}
    onChange={[Function]}
    question={
        Object {
            "answerType": "radio",
            "answers": Array [
              Object {
                "concernSuggestions": Array [],
                "displayValue": "answer-1",
                "goalSuggestions": Array [],
                "id": "answer-1",
                "inSummary": false,
                "order": 1,
                "questionId": "question-1",
                "riskAdjustmentType": "inactive",
                "summaryText": "None",
                "value": "answer-1",
                "valueType": "text",
              },
            ],
            "applicableIfQuestionConditions": null,
            "applicableIfType": null,
            "createdAt": "2017-08-16T19:27:36.378Z",
            "deletedAt": null,
            "id": "question-1",
            "order": 1,
            "riskAreaId": "risk-area-id",
            "title": "Question 1",
            "validatedSource": null,
          }
    }
    visible={true}
/>,
  <RiskAreaQuestion
    answerData={
        Object {
            "answers": Array [],
            "changed": false,
            "oldAnswers": Array [],
          }
    }
    editable={false}
    onChange={[Function]}
    question={
        Object {
            "answerType": "radio",
            "answers": Array [
              Object {
                "concernSuggestions": Array [],
                "displayValue": "answer-1",
                "goalSuggestions": Array [],
                "id": "question-2-answer-1",
                "inSummary": false,
                "order": 1,
                "questionId": "question-2",
                "riskAdjustmentType": "increment",
                "summaryText": "None",
                "value": "answer-1",
                "valueType": "text",
              },
            ],
            "applicableIfQuestionConditions": Array [
              Object {
                "answerId": "answer-1",
                "id": "condition-1",
                "questionId": "question-1",
              },
            ],
            "applicableIfType": "allTrue",
            "createdAt": "2017-08-16T19:27:36.378Z",
            "deletedAt": null,
            "id": "question-2",
            "order": 2,
            "riskAreaId": "risk-area-id",
            "title": "Question 2",
            "validatedSource": null,
          }
    }
    visible={false}
/>,
]
`;
