// Jest Snapshot v1, https://goo.gl/fbAQLP

exports[`renders risk areas error 1`] = `
<div
  className="riskAreasError"
>
  <div
    className="riskAreasErrorIcon"
  />
  <div
    className="riskAreasErrorLabel"
  >
    Unable to load risk areas
  </div>
  <div
    className="riskAreasErrorSubheading"
  >
    Sorry, something went wrong. Please try reloading this section again.
  </div>
  <div
    className="invertedButton riskAreasErrorButton"
    onClick={[Function]}
  >
    Try again
  </div>
</div>
`;

exports[`renders risk areas loading 1`] = `
<div
  className="riskAreasLoading"
>
  Loading...
</div>
`;
