// Jest Snapshot v1, https://goo.gl/fbAQLP

exports[`renders a risk area question 1`] = `
<div
  className=""
>
  <div
    className={undefined}
  >
    <div
      className={undefined}
    >
      Question
    </div>
    <div
      className={undefined}
    />
  </div>
  <div
    className="undefined"
  >
    <div
      className={undefined}
    >
      <div
        className=""
        onClick={[Function]}
      >
        Answer
      </div>
    </div>
  </div>
</div>
`;
