// Jest Snapshot v1, https://goo.gl/fbAQLP

exports[`renders tasks container 1`] = `
<div
  className="container"
>
  <div
    className="mainBody"
  >
    <div>
      <div
        className="container"
      >
        <div
          className="sortSearchBar"
        >
          <div
            className="sort"
          >
            <div
              className="sortLabel"
            >
              Sort by:
            </div>
            <div
              className="sortDropdown"
            >
              <select
                onChange={[Function]}
                value="createdAtDesc"
              >
                <option
                  value="createdAtDesc"
                >
                  Newest first
                </option>
                <option
                  value="createdAtAsc"
                >
                  Oldest first
                </option>
                <option
                  value="dueAtAsc"
                >
                  Due soonest
                </option>
                <option
                  value="dueAtDesc"
                >
                  Due latest
                </option>
                <option
                  value="updatedAtDesc"
                >
                  Last updated
                </option>
                <option
                  value="updatedAtAsc"
                >
                  Last updated desc
                </option>
              </select>
            </div>
          </div>
        </div>
        <div
          className="bottomContainer"
        >
          <div
            className="list"
          >
            <div
              className="tasksLoading"
            >
              Loading...
            </div>
            <span
              style={
                Object {
                  "fontSize": 0,
                }
              }
            />
          </div>
          <div
            className="taskContainer"
          />
        </div>
      </div>
    </div>
  </div>
</div>
`;
