// Jest Snapshot v1, https://goo.gl/fbAQLP

exports[`renders timeline 1`] = `
<div
  className="progressNotesContainer"
>
  <div
    className="progressNotes"
  >
    <TimelineCard
      date="2018-03-28T05:23:08.020Z"
      notes="Sed posuere consectetur est at lobortis. Donec sed odio dui. Nullam quis risus eget urna mollis ornare vel eu leo. Vivamus sagittis lacus vel augue laoreet rutrum faucibus dolor auctor. Nullam quis risus eget urna mollis ornare vel eu leo. Cras mattis consectetur purus sit amet fermentum. Aenean lacinia bibendum nulla sed consectetur. Nulla vitae elit libero, a pharetra augue."
      source="ACPNY - Radiology"
      sourceDetail="EPIC EHR"
      title="Ultrasound Kidney Stones"
    />
    <div
      className="empty"
    >
      <EmptyPlaceholder
        detailMessageId="progressNote.emptyDetail"
        headerMessageId="progressNote.emptyHeader"
        icon="eventNote"
      />
    </div>
  </div>
</div>
`;
