// Jest Snapshot v1, https://goo.gl/fbAQLP

exports[`renders timeline 1`] = `
<div
  className="progressNotesContainer"
>
  <div
    className="progressNotes"
  >
    <div
      className="empty"
    >
      <EmptyPlaceholder
        detailMessageId="progressNote.emptyDetail"
        headerMessageId="progressNote.emptyHeader"
        icon="eventNote"
      />
    </div>
  </div>
</div>
`;
