// Jest Snapshot v1, https://goo.gl/fbAQLP

exports[`renders care team widget 1`] = `
<div
  className={undefined}
>
  <div
    className={undefined}
    onClick={[Function]}
  >
    <div
      className={undefined}
    >
      <img
        src=""
      />
    </div>
    <div
      className={undefined}
    >
      <div
        className={undefined}
      >
        first last
      </div>
      <div
        className={undefined}
      >
        Physician
      </div>
    </div>
  </div>
  <div
    className=""
  >
    <div
      className={undefined}
    >
      <div
        className=""
      />
      <div
        className={undefined}
      >
        Message on Slack
      </div>
    </div>
    <div
      className={undefined}
    >
      <div
        className=""
      />
      <div
        className={undefined}
      >
        Call on phone
      </div>
    </div>
    <div
      className={undefined}
    >
      <div
        className=""
      />
      <div
        className={undefined}
      >
        Send text message
      </div>
    </div>
    <div
      className={undefined}
    >
      <div
        className=""
      />
      <div
        className={undefined}
      >
        Send an email
      </div>
    </div>
    <div
      className={undefined}
    >
      <div
        className=""
      />
      <div
        className={undefined}
      >
        Go to profile
      </div>
    </div>
  </div>
</div>
`;
