// Jest Snapshot v1, https://goo.gl/fbAQLP

exports[`renders patient tasks 1`] = `
<div
  className={undefined}
>
  <div
    className={undefined}
  >
    <div
      className={undefined}
    >
      <div
        className={undefined}
      >
        Sort by:
      </div>
      <div
        className={undefined}
      >
        <select
          value="Newest first"
        >
          <option
            value="Newest first"
          >
            Newest first
          </option>
        </select>
      </div>
      <div
        className=""
      >
        <input
          placeholder="Search by user or keywords"
          required={true}
          type="text"
        />
      </div>
    </div>
  </div>
  <div
    className={undefined}
  >
    <div
      className={undefined}
    >
      <div
        className="undefined"
      >
        <div
          className={undefined}
        >
          Loading...
        </div>
      </div>
      <div
        className={undefined}
      >
        <div
          className={undefined}
        >
          <div
            className="undefined"
            onClick={[Function]}
          />
          <div
            className="undefined"
            onClick={[Function]}
          />
        </div>
      </div>
    </div>
    <div
      className=""
    />
  </div>
</div>
`;
