// Jest Snapshot v1, https://goo.gl/fbAQLP

exports[`renders task 1`] = `
<div
  className=""
>
  <div
    className="undefined"
  >
    <div
      className={undefined}
    />
    <div
      className={undefined}
    >
      Are you ure you want to delete this task?
    </div>
    <div
      className={undefined}
    >
      Deleting this task will completely remove it from this patient's record.
    </div>
    <div
      className={undefined}
    >
      <div
        className=""
        onClick={[Function]}
      >
        Cancel
      </div>
      <div
        className={undefined}
        onClick={[Function]}
      >
        Yes, delete
      </div>
    </div>
    <div
      className="undefined"
    >
      <div
        className=""
      >
        Error deleting task.
      </div>
      <div
        className={undefined}
      >
        Please try again.
      </div>
    </div>
  </div>
  <div
    className=""
  >
    <div
      className={undefined}
    >
      <div
        className={undefined}
      >
        <div
          className={undefined}
        >
          <div
            className={undefined}
            style={
              Object {
                "backgroundImage": "url('http://bit.ly/2u9bJDA')",
              }
            }
          />
          <a
            className={undefined}
            href="/patients/unique-id"
            onClick={[Function]}
          >
            first last
          </a>
        </div>
        <div
          className={undefined}
        >
          <div
            className=""
          >
            Copied to clipboard
          </div>
          <div
            className={undefined}
            onClick={[Function]}
          />
          <div
            className=""
          >
            <div
              className={undefined}
              onClick={[Function]}
            >
              <div
                className={undefined}
              />
              <div
                className={undefined}
              >
                Share task URL
              </div>
            </div>
            <div
              className={undefined}
              onClick={[Function]}
            >
              <div
                className={undefined}
              />
              <div
                className={undefined}
              >
                Add attachment
              </div>
            </div>
            <div
              className={undefined}
              onClick={[Function]}
            >
              <div
                className={undefined}
              />
              <div
                className={undefined}
              >
                Delete task
              </div>
            </div>
          </div>
          <a
            className={undefined}
            href="/patients"
            onClick={[Function]}
          />
        </div>
      </div>
      <div
        className={undefined}
      >
        <div
          className={undefined}
        >
          <div
            className={undefined}
          />
          <div
            className={undefined}
          >
            Jul 13, 2017
          </div>
        </div>
        <div
          className=""
          onClick={[Function]}
        >
          <div
            className="undefined"
          >
            <div
              className=""
            >
              Error updating.
            </div>
            <div
              className={undefined}
            >
              Please try again.
            </div>
          </div>
          <div
            className={undefined}
          >
            Mark complete
          </div>
          <div
            className={undefined}
          />
        </div>
      </div>
      <div
        className={undefined}
      >
        <div
          className={undefined}
        >
          <div
            className={undefined}
            style={
              Object {
                "backgroundImage": "url('http://bit.ly/2u9bJDA')",
              }
            }
          />
          <div
            className={undefined}
          >
            first last
          </div>
          <div
            className={undefined}
          >
            physician
          </div>
        </div>
      </div>
    </div>
    <div
      className={undefined}
    >
      <div
        className={undefined}
      >
        title
      </div>
      <div
        className={undefined}
      >
        <div
          className={undefined}
        >
          <div
            className={undefined}
          >
            Objective:
          </div>
          <div
            className={undefined}
          >
            Decrease hemoglobin A1C to below 8%
          </div>
        </div>
        <div
          className={undefined}
        >
          <div
            className={undefined}
          >
            Key result:
          </div>
          <div
            className={undefined}
          >
            Get patient new prescription for Metformin
          </div>
        </div>
      </div>
      <div
        className={undefined}
      >
        description
      </div>
      <div
        className={undefined}
      />
      <div
        className=""
      >
        <div
          className={undefined}
        >
          <div
            className=""
          />
          <div
            className={undefined}
          >
            Low
             priority
          </div>
        </div>
        <div
          className={undefined}
        >
          <div
            className={undefined}
          />
          <div
            className={undefined}
          >
            Prescription
          </div>
        </div>
      </div>
    </div>
    <div
      className={undefined}
    >
      <div
        className={undefined}
      >
        Followers
      </div>
      <div
        className={undefined}
      >
        <div
          className={undefined}
          style={
            Object {
              "backgroundImage": "url('http://bit.ly/2u9bJDA')",
            }
          }
        />
        <div
          className={undefined}
        >
          <div
            className="undefined"
          />
          <div
            className="undefined"
            onClick={[Function]}
          />
        </div>
      </div>
    </div>
    <div
      className={undefined}
    >
      <div
        className={undefined}
      >
        <textarea
          onChange={[Function]}
          onKeyDown={[Function]}
          placeholder="Add a comment..."
          value=""
        />
        <div
          className={undefined}
        />
        <div
          className="undefined"
        >
          <div
            className=""
          >
            Error adding comment.
          </div>
          <div
            className={undefined}
          >
            Please try again.
          </div>
        </div>
      </div>
      <div>
        <div
          className={undefined}
        >
          Loading comments...
        </div>
        <div
          className={undefined}
        />
      </div>
    </div>
  </div>
</div>
`;
