// Jest Snapshot v1, https://goo.gl/fbAQLP

exports[`renders manager container 1`] = `
<div
  className={undefined}
>
  <div
    className={undefined}
  >
    left nav
  </div>
  <div
    className={undefined}
  >
    <div
      className={undefined}
    >
      <a
        className="undefined"
        href="/manager/users"
        onClick={[Function]}
      >
        Users
      </a>
      <a
        className=""
        href="/manager/invites"
        onClick={[Function]}
      >
        Invites
      </a>
    </div>
    <div
      className={undefined}
    >
      <div
        className={undefined}
      >
        <div
          className={undefined}
        >
          <div
            className={undefined}
          >
            Sort by:
          </div>
          <div
            className={undefined}
          >
            <select
              onChange={[Function]}
              value="createdAtDesc"
            >
              <option
                value="createdAtDesc"
              >
                Newest first
              </option>
              <option
                value="createdAtAsc"
              >
                Oldest first
              </option>
              <option
                value="lastLoginAtDesc"
              >
                Logged in descending
              </option>
              <option
                value="lastLoginAtAsc"
              >
                Logged in ascending
              </option>
              <option
                value="updatedAtDesc"
              >
                Last updated
              </option>
              <option
                value="updatedAtAsc"
              >
                Last updated desc
              </option>
            </select>
          </div>
        </div>
      </div>
      <div
        className={undefined}
      >
        <div
          className=""
        />
        <div
          className=""
        />
        <span
          style={
            Object {
              "fontSize": 0,
            }
          }
        />
      </div>
    </div>
  </div>
</div>
`;
