// Jest Snapshot v1, https://goo.gl/fbAQLP

exports[`user row renders manager users with users 1`] = `
<div
  className="container"
>
  <div
    className="title"
  >
    first last (b@c.com)
  </div>
  <div
    className="meta"
  >
    <div
      className="dateSection"
    />
    <div
      className="dateSection"
    >
      <span
        className="dateLabel"
      >
        Created At
        :
      </span>
      <span
        className="dateValue"
      >
        in 2 months
      </span>
    </div>
    <div
      className="dateSection"
    >
      <span
        className="dateLabel"
      >
        Last edited
        :
      </span>
      <span
        className="dateValue"
      >
        Sep 7, 2017
      </span>
    </div>
  </div>
</div>
`;
