// Jest Snapshot v1, https://goo.gl/fbAQLP

exports[`renders a risk area summary 1`] = `
<a
  className="riskAreaLink inactive"
  href="/patients/patient-1/360/cool-risk-area-id"
  onClick={[Function]}
>
  <div
    className="riskArea unstarted"
  >
    <div
      className="riskAreaTitleRow"
    >
      <div
        className="riskAreaTitle"
      >
        <svg
          aria-hidden="true"
          className="MuiSvgIcon-root-1 icon"
          focusable="false"
          onClick={undefined}
          viewBox="0 0 24 24"
        >
          <path
            d="M6.62 10.79c1.44 2.83 3.76 5.14 6.59 6.59l2.2-2.2c.27-.27.67-.36 1.02-.24 1.12.37 2.33.57 3.57.57.55 0 1 .45 1 1V20c0 .55-.45 1-1 1-9.39 0-17-7.61-17-17 0-.55.45-1 1-1h3.5c.55 0 1 .45 1 1 0 1.25.2 2.45.57 3.57.11.35.03.74-.25 1.02l-2.2 2.2z"
          />
        </svg>
        <div
          className="titleText"
        >
          Risk Area Title
        </div>
      </div>
      <div
        className="riskAreaLastUpdated"
      >
        <div
          className="lastUpdatedLabel"
        >
          Updated:
        </div>
        <div
          className="lastUpdatedValue"
        >
          Loading
        </div>
      </div>
    </div>
    <div
      className="riskAreaBody"
    >
      <div
        className="emptySummary"
      >
        Loading...
      </div>
    </div>
  </div>
</a>
`;
