// Jest Snapshot v1, https://goo.gl/fbAQLP

exports[`renders a risk area summary 1`] = `
<a
  className="riskAreaLink inactive"
  href="/patients/patient-1/360/cool-risk-area-id"
  onClick={[Function]}
>
  <div
    className="riskArea unstarted"
  >
    <div
      className="riskAreaTitleRow"
    >
      <div
        className="riskAreaTitle"
      >
        <div
          className="titleIcon"
        />
        <div
          className="titleText"
        >
          Risk Area Title
        </div>
      </div>
      <div
        className="riskAreaLastUpdated"
      >
        <div
          className="lastUpdatedLabel"
        >
          Updated:
        </div>
        <div
          className="lastUpdatedValue"
        >
          Loading
        </div>
      </div>
    </div>
    <div
      className="riskAreaBody"
    >
      <div
        className="emptySummary"
      >
        Loading...
      </div>
    </div>
  </div>
</a>
`;
