// Jest Snapshot v1, https://goo.gl/fbAQLP

exports[`correctly renders/does not render the add task follower button 1`] = `
<div
  className="container"
>
  <div
    className="careTeam hidden"
  />
  <div
    className="addFollower hidden"
    onClick={[Function]}
  />
</div>
`;

exports[`renders care team 1`] = `
Array [
  <div
    className="careTeamMemberDetails"
    onClick={[Function]}
  >
    <Avatar
      size="medium"
      src={null}
    />
    <div
      className="careTeamMemberLabel"
    >
      <div
        className="careTeamMemberName"
      >
        first last
      </div>
      <div
        className="careTeamMemberRole"
      >
        physician
      </div>
    </div>
    <div
      className="addError"
    />
  </div>,
  <div
    className="careTeamMemberDetails"
    onClick={[Function]}
  >
    <Avatar
      size="medium"
      src={null}
    />
    <div
      className="careTeamMemberLabel"
    >
      <div
        className="careTeamMemberName"
      >
        first last
      </div>
      <div
        className="careTeamMemberRole"
      >
        physician
      </div>
    </div>
    <div
      className="addError"
    />
  </div>,
]
`;
