// Jest Snapshot v1, https://goo.gl/fbAQLP

exports[`correctly renders a comment as editable or not 1`] = `
<div
  className="comment"
  onClick={[Function]}
>
  <div
    className="commentHeader"
  >
    <div
      className="commentAuthor"
    >
      <svg
        aria-hidden="true"
        className="MuiSvgIcon-root-1 icon avatar small"
        focusable="false"
        onClick={undefined}
        viewBox="0 0 24 24"
      >
        <path
          d="M12 2C6.48 2 2 6.48 2 12s4.48 10 10 10 10-4.48 10-10S17.52 2 12 2zm0 3c1.66 0 3 1.34 3 3s-1.34 3-3 3-3-1.34-3-3 1.34-3 3-3zm0 14.2c-2.5 0-4.71-1.28-6-3.22.03-1.99 4-3.08 6-3.08 1.99 0 5.97 1.09 6 3.08-1.29 1.94-3.5 3.22-6 3.22z"
        />
      </svg>
      <div
        className="name"
      >
        first last
      </div>
      <div
        className="smallText"
      >
        physician
      </div>
    </div>
    <div
      className="commentDate"
    >
      <div
        className="error hidden"
      >
        <div
          className="errorText"
        >
          Error saving.
        </div>
        <div
          className="smallText"
        >
          Please try again
        </div>
      </div>
      <div
        className="smallText"
      >
        <span>
          Jul 14, 2017
        </span>
      </div>
    </div>
  </div>
  <div
    className="commentBody"
  >
    <span>
      body
      <br />
    </span>
  </div>
  <div
    className="commentEditArea"
  >
    <textarea
      onBlur={[Function]}
      onChange={[Function]}
      onKeyDown={[Function]}
      style={
        Object {
          "height": "100%",
        }
      }
      value="body"
    />
  </div>
</div>
`;
