// Jest Snapshot v1, https://goo.gl/fbAQLP

exports[`correctly renders comments component 1`] = `
<div
  className="taskComments"
>
  <div
    className="addComment"
  >
    <textarea
      onChange={[Function]}
      onKeyDown={[Function]}
      placeholder="Add a comment..."
      value=""
    />
    <div
      className="uploadAttachment"
    />
    <div
      className="addCommentError hiddenError"
    >
      <div
        className="smallText redText"
      >
        Error adding comment.
      </div>
      <div
        className="smallText"
      >
        Please try again.
      </div>
    </div>
  </div>
  <div>
    <div
      className="smallText"
    >
      Loading comments...
    </div>
    <div
      className="commentsList"
    />
  </div>
</div>
`;

exports[`renders comments 1`] = `
<div>
  <div
    className="smallText"
  >
    Activity and comments (
    1
    )
  </div>
  <div
    className="commentsList"
  >
    <Apollo(TaskComment)
      comment={
        Object {
          "body": "body",
          "createdAt": "Thu Jul 14 2017 16:52:56 GMT-0400 (EDT)",
          "id": "comment-id",
          "taskId": "task-id",
          "updatedAt": "Thu Jul 14 2017 16:52:56 GMT-0400 (EDT)",
          "user": Object {
            "createdAt": "2017-09-07T13:45:14.532Z",
            "email": "a@b.com",
            "firstName": "first",
            "googleProfileImageUrl": null,
            "homeClinicId": "1",
            "id": "id",
            "lastName": "last",
            "locale": "en",
            "updatedAt": "2017-09-07T13:45:14.532Z",
            "userRole": "physician",
          },
        }
      }
      onEdit={[Function]}
    />
  </div>
</div>
`;
