// Jest Snapshot v1, https://goo.gl/fbAQLP

exports[`correctly renders comments component 1`] = `
<div
  className="taskComments"
>
  <div
    className="container"
    onClick={[Function]}
  >
    <textarea
      className="textarea"
      disabled={false}
      onBlur={[Function]}
      onChange={[Function]}
      onFocus={[Function]}
      placeholder="Add a comment..."
      value=""
    />
    <button
      className="button white button"
      disabled={false}
      onClick={[Function]}
    >
      <span
        className="flex"
      >
        <span>
          Submit
        </span>
      </span>
    </button>
  </div>
  <div
    className="comments"
  >
    <div
      className="smallText"
    >
      Loading comments...
    </div>
    <div
      className="commentsList"
    />
  </div>
</div>
`;

exports[`renders comments 1`] = `
<div
  className="comments"
>
  <FormattedMessage
    id="taskComment.activity"
    values={Object {}}
  >
    [Function]
  </FormattedMessage>
  <div
    className="commentsList"
  >
    <Apollo(TaskComment)
      comment={
        Object {
          "body": "body",
          "createdAt": "Thu Jul 14 2017 16:52:56 GMT-0400 (EDT)",
          "id": "comment-id",
          "taskId": "task-id",
          "updatedAt": "Thu Jul 14 2017 16:52:56 GMT-0400 (EDT)",
          "user": Object {
            "awayMessage": "Winter is here",
            "createdAt": "2017-09-07T13:45:14.532Z",
            "email": "a@b.com",
            "firstName": "first",
            "googleProfileImageUrl": null,
            "homeClinicId": "clinic-id",
            "id": "id",
            "isAvailable": true,
            "lastName": "last",
            "locale": "en",
            "permissions": "orange",
            "phone": "(212) 555-8394",
            "updatedAt": "2017-09-07T13:45:14.532Z",
            "userRole": "physician",
          },
        }
      }
      onEdit={[Function]}
    />
  </div>
</div>
`;
