// Jest Snapshot v1, https://goo.gl/fbAQLP

exports[`task missing renders various task missing states 1`] = `
<div>
  <div
    className="container"
  >
    <div
      className="loading"
    >
      Loading...
    </div>
  </div>
  <div
    className="container"
  >
    <div
      className="loadingError"
    >
      <div
        className="loadingErrorIcon"
      />
      <div
        className="loadingErrorLabel"
      >
        Unable to load task
      </div>
      <div
        className="loadingErrorSubheading"
      >
        Sorry, something went wrong. Please try again.
      </div>
      <div
        className="loadingErrorButton invertedButton"
        onClick={[Function]}
      >
        Try again
      </div>
    </div>
  </div>
  <div
    className="container"
  />
</div>
`;
