// Jest Snapshot v1, https://goo.gl/fbAQLP

exports[`renders the task assignee component 1`] = `
<div
  className="relative"
>
  <h3
    className="label"
  >
    Assign task:
  </h3>
  <div
    className="assignee"
    onClick={[Function]}
  >
    <div
      className="avatar"
      style={
        Object {
          "backgroundImage": "url('https://bit.ly/2weRwJm')",
        }
      }
    />
    <div
      className="name"
    >
      first last
    </div>
    <div
      className="smallText"
    >
      (
      physician
      )
    </div>
    <div
      className="arrowIcon"
    />
  </div>
  <div
    className="changeAssigneeError hidden"
  >
    <div
      className="smallText redText"
    >
      Error changing assignee.
    </div>
    <div
      className="smallText"
    >
      Please try again.
    </div>
  </div>
  <div
    className="careTeam assigneeCareTeam hidden"
  />
</div>
`;
