// Jest Snapshot v1, https://goo.gl/fbAQLP

exports[`renders empty div 1`] = `
<div
  className="errorRow"
>
  <div
    className="errorIcon"
  />
  <div
    className="errorHeading"
  >
    Unable to load your roster
  </div>
  3
  <div
    className="errorMessage"
  >
    Sorry, something went wrong. Please try reloading the page again.
  </div>
  <button
    className="button"
    disabled={false}
    onClick={[Function]}
  >
    <span
      className="flex"
    >
      <span>
        Try Again
      </span>
    </span>
  </button>
</div>
`;

exports[`renders error 1`] = `
<div
  className="errorRow"
>
  <div
    className="errorIcon"
  />
  <div
    className="errorHeading"
  >
    Unable to load your roster
  </div>
  3
  <div
    className="errorMessage"
  >
    Sorry, something went wrong. Please try reloading the page again.
  </div>
  <button
    className="button"
    disabled={false}
    onClick={[Function]}
  >
    <span
      className="flex"
    >
      <span>
        Try Again
      </span>
    </span>
  </button>
</div>
`;

exports[`renders loading 1`] = `
<div
  className="errorRow"
>
  <div
    className="errorIcon"
  />
  <div
    className="errorHeading"
  >
    Unable to load your roster
  </div>
  3
  <div
    className="errorMessage"
  >
    Sorry, something went wrong. Please try reloading the page again.
  </div>
  <button
    className="button"
    disabled={false}
    onClick={[Function]}
  >
    <span
      className="flex"
    >
      <span>
        Try Again
      </span>
    </span>
  </button>
</div>
`;
