// Jest Snapshot v1, https://goo.gl/fbAQLP

exports[`renders admin questions 1`] = `
<div
  className={undefined}
>
  <div
    className={undefined}
  >
    <div
      className={undefined}
    >
      <div
        className={undefined}
      >
        Questions for domain:
      </div>
      <div
        className={undefined}
      >
        <select
          onChange={[Function]}
          value="risk-area-id"
        >
          <option
            value="cool-task-id"
          >
            Risk Area Title
          </option>
        </select>
      </div>
    </div>
    <div
      className={undefined}
    >
      <div
        className={undefined}
        onClick={[Function]}
      >
        Create Question
      </div>
    </div>
  </div>
  <div
    className={undefined}
  >
    <div
      className="undefined"
    >
      <div
        className={undefined}
      >
        <div
          className={undefined}
        />
        <div
          className={undefined}
        >
          No Questions
        </div>
      </div>
    </div>
    <div
      className="undefined"
    />
  </div>
</div>
`;
