// Jest Snapshot v1, https://goo.gl/fbAQLP

exports[`renders answer create-edit 1`] = `
<form
  className={undefined}
  onSubmit={[Function]}
>
  <div
    className={undefined}
  >
    <div
      className={undefined}
    >
      <div
        className={undefined}
      />
    </div>
  </div>
  <div
    className={undefined}
  >
    <div
      className={undefined}
    >
      Answer ID: 
      answer-id
    </div>
    <br />
    <div
      className={undefined}
    >
      <div
        className={undefined}
      >
        Order:
      </div>
      <select
        className=""
        name="order"
        onChange={[Function]}
        value={1}
      >
        <option
          disabled={true}
          hidden={true}
          value=""
        >
          Select Answer order
        </option>
        <option
          value={1}
        >
          1
        </option>
        <option
          value={2}
        >
          2
        </option>
        <option
          value={3}
        >
          3
        </option>
        <option
          value={4}
        >
          4
        </option>
        <option
          value={5}
        >
          5
        </option>
        <option
          value={6}
        >
          6
        </option>
        <option
          value={7}
        >
          7
        </option>
        <option
          value={8}
        >
          8
        </option>
        <option
          value={9}
        >
          9
        </option>
        <option
          value={10}
        >
          10
        </option>
        <option
          value={11}
        >
          11
        </option>
        <option
          value={12}
        >
          12
        </option>
        <option
          value={13}
        >
          13
        </option>
        <option
          value={14}
        >
          14
        </option>
        <option
          value={15}
        >
          15
        </option>
        <option
          value={16}
        >
          16
        </option>
        <option
          value={17}
        >
          17
        </option>
        <option
          value={18}
        >
          18
        </option>
        <option
          value={19}
        >
          19
        </option>
        <option
          value={20}
        >
          20
        </option>
        <option
          value={21}
        >
          21
        </option>
        <option
          value={22}
        >
          22
        </option>
        <option
          value={23}
        >
          23
        </option>
        <option
          value={24}
        >
          24
        </option>
        <option
          value={25}
        >
          25
        </option>
        <option
          value={26}
        >
          26
        </option>
        <option
          value={27}
        >
          27
        </option>
        <option
          value={28}
        >
          28
        </option>
        <option
          value={29}
        >
          29
        </option>
      </select>
    </div>
    <div
      className={undefined}
    >
      <div
        className={undefined}
      >
        Display Value:
      </div>
      <input
        className=""
        name="displayValue"
        onChange={[Function]}
        placeholder="Enter answer display value"
        value="answer value"
      />
    </div>
    <div
      className={undefined}
    >
      <div
        className={undefined}
      >
        Backend Value:
      </div>
      <input
        className=""
        name="value"
        onChange={[Function]}
        placeholder="Enter answer value"
        value="true"
      />
    </div>
    <div
      className={undefined}
    >
      <div
        className={undefined}
      >
        Backend value type:
      </div>
      <select
        className=""
        name="valueType"
        onChange={[Function]}
        value="boolean"
      >
        <option
          disabled={true}
          hidden={true}
          value=""
        >
          Select Answer value type
        </option>
        <option
          value="string"
        >
          text
        </option>
        <option
          value="boolean"
        >
          true / false
        </option>
        <option
          value="number"
        >
          number
        </option>
      </select>
    </div>
    <div
      className={undefined}
    >
      <div
        className={undefined}
      >
        Risk adjustment type:
      </div>
      <select
        className=""
        name="riskAdjustmentType"
        onChange={[Function]}
        required={true}
        value="increment"
      >
        <option
          disabled={true}
          hidden={true}
          value=""
        >
          Select risk adjustment type
        </option>
        <option
          value="inactive"
        >
          inactive
        </option>
        <option
          value="increment"
        >
          increment
        </option>
        <option
          value="forceHighRisk"
        >
          forceHighRisk
        </option>
      </select>
    </div>
    <div
      className={undefined}
    >
      <div
        className={undefined}
      >
        Summary Text:
      </div>
      <input
        className=""
        name="summaryText"
        onChange={[Function]}
        placeholder="Enter summary text"
        value="summary text"
      />
    </div>
    <div
      className={undefined}
    >
      <div
        className={undefined}
      >
        <div
          className={undefined}
        >
          Display in summary?
        </div>
      </div>
      <div
        className=""
      >
        <div
          className={undefined}
        >
          <div
            className={undefined}
          >
            <input
              checked={true}
              className={undefined}
              name="inSummary"
              onChange={[Function]}
              type="radio"
              value="true"
            />
            <label />
          </div>
          <span
            className={undefined}
          >
            Yes
          </span>
        </div>
        <div
          className={undefined}
        >
          <div
            className={undefined}
          >
            <input
              checked={false}
              className={undefined}
              name="inSummary"
              onChange={[Function]}
              type="radio"
              value="false"
            />
            <label />
          </div>
          <span
            className={undefined}
          >
            No
          </span>
        </div>
      </div>
    </div>
  </div>
  <div>
    <br />
    <div
      className={undefined}
    >
      Care Plan Suggestions
    </div>
    <br />
    <div>
      <div
        className=""
      >
        Concern Suggestions
      </div>
      <div
        className=""
      >
        No concern suggestions
      </div>
      <br />
      <div
        className=""
      >
        Goal/Task Suggestions
      </div>
      <div
        className=""
      >
        No goal/task suggestions
      </div>
    </div>
    <br />
    <div
      className={undefined}
    >
      Add Care Plan Suggestion
    </div>
    <div
      className={undefined}
    >
      <div
        className={undefined}
      >
        <div
          className={undefined}
        >
          <div
            className={undefined}
          />
        </div>
      </div>
      <div
        className={undefined}
      >
        <select
          className=""
          name="suggestionType"
          onChange={[Function]}
          value=""
        >
          <option
            disabled={true}
            hidden={true}
            value=""
          >
            Select a type
          </option>
          <option
            value="concern"
          >
            Concern
          </option>
          <option
            value="goal"
          >
            Goal/Tasks
          </option>
        </select>
      </div>
      <div
        className={undefined}
      >
        <div
          className={undefined}
        >
          <input
            className={undefined}
            onClick={[Function]}
            type="submit"
            value="Add care plan suggestion"
          />
        </div>
      </div>
    </div>
  </div>
  <div
    className={undefined}
  >
    <div
      className={undefined}
    >
      <input
        className={undefined}
        type="submit"
        value="Save"
      />
      <div
        onClick={[Function]}
      >
        delete
      </div>
    </div>
  </div>
</form>
`;
