// Jest Snapshot v1, https://goo.gl/fbAQLP

exports[`renders task template create-edit 1`] = `
<form
  className={undefined}
  onSubmit={[Function]}
>
  <div
    className={undefined}
  >
    <div
      className={undefined}
    >
      <div
        className={undefined}
      />
    </div>
  </div>
  <div
    className={undefined}
  >
    <div
      className={undefined}
    >
      Task Template ID: 
      task-template-id
    </div>
    <br />
    <div
      className={undefined}
    >
      <div
        className={undefined}
      >
        Title:
      </div>
      <input
        className=""
        name="title"
        onChange={[Function]}
        placeholder="Enter task title"
        value="task template value"
      />
    </div>
    <div
      className={undefined}
    >
      <div
        className={undefined}
      >
        Priority:
      </div>
      <select
        className=""
        name="priority"
        onChange={[Function]}
        value="medium"
      >
        <option
          disabled={true}
          hidden={true}
          value=""
        >
          Select Priority
        </option>
        <option
          value="low"
        >
          Low
        </option>
        <option
          value="medium"
        >
          Medium
        </option>
        <option
          value="high"
        >
          High
        </option>
      </select>
    </div>
    <div
      className={undefined}
    >
      <div
        className={undefined}
      >
        Repeating:
      </div>
      <select
        className=""
        name="repeating"
        onChange={[Function]}
        required={true}
        value="true"
      >
        <option
          value="true"
        >
          Yes
        </option>
        <option
          value="false"
        >
          No
        </option>
      </select>
    </div>
    <div
      className={undefined}
    >
      <div
        className={undefined}
      >
        Completed Within Interval:
      </div>
      <select
        className=""
        name="completedWithinInterval"
        onChange={[Function]}
        value="week"
      >
        <option
          disabled={true}
          hidden={true}
          value=""
        >
          Select interval
        </option>
        <option
          value="hour"
        >
          Hour
        </option>
        <option
          value="day"
        >
          Day
        </option>
        <option
          value="week"
        >
          Week
        </option>
        <option
          value="month"
        >
          Month
        </option>
        <option
          value="year"
        >
          Year
        </option>
      </select>
    </div>
    <div
      className={undefined}
    >
      <div
        className={undefined}
      >
        Completed Within Number:
      </div>
      <select
        className=""
        name="completedWithinNumber"
        onChange={[Function]}
        value="1"
      >
        <option
          disabled={true}
          hidden={true}
          value=""
        >
          Select number
        </option>
        <option
          value="1"
        >
          1
        </option>
        <option
          value="2"
        >
          2
        </option>
        <option
          value="3"
        >
          3
        </option>
        <option
          value="4"
        >
          4
        </option>
        <option
          value="5"
        >
          5
        </option>
        <option
          value="6"
        >
          6
        </option>
        <option
          value="7"
        >
          7
        </option>
        <option
          value="8"
        >
          8
        </option>
        <option
          value="9"
        >
          9
        </option>
        <option
          value="10"
        >
          10
        </option>
      </select>
    </div>
    <div
      className={undefined}
    >
      <div
        className={undefined}
      >
        Default Assignee Role:
      </div>
      <select
        className=""
        name="careTeamAssigneeRole"
        onChange={[Function]}
        value="healthCoach"
      >
        <option
          disabled={true}
          hidden={true}
          value=""
        >
          Select role
        </option>
        <option
          value="physician"
        >
          Physician
        </option>
        <option
          value="nurseCareManager"
        >
          Nurse Care Manager
        </option>
        <option
          value="healthCoach"
        >
          Health Coach
        </option>
        <option
          value="familyMember"
        >
          Family Member
        </option>
      </select>
    </div>
  </div>
  <div
    className={undefined}
  >
    <div
      className={undefined}
    >
      <input
        className={undefined}
        type="submit"
        value="Save"
      />
      <div
        onClick={[Function]}
      >
        delete
      </div>
    </div>
  </div>
</form>
`;
