// Jest Snapshot v1, https://goo.gl/fbAQLP

exports[`renders popup 1`] = `
<div
  className="background"
>
  <div
    className="content"
  >
    <div
      className="content"
    >
      <div
        className="heading"
      >
        Bob Smith
        <span
          className="highlight"
        >
          successfully enrolled
        </span>
      </div>
      <div
        className="paragraph"
      >
        successfully enrolled
      </div>
      <div
        className="buttonContainer"
      >
        <a
          className="invertedButton"
          href="/patients"
          onClick={[Function]}
        >
          Patient Roster
        </a>
        <a
          className="button"
          href="/patients/patient-id"
          onClick={[Function]}
        >
          Go to profile
        </a>
      </div>
    </div>
  </div>
</div>
`;
