// Jest Snapshot v1, https://goo.gl/fbAQLP

exports[`renders patient panel container correctly 1`] = `
<div
  className="container"
>
  <div
    className="header"
  >
    <div
      className="container"
    >
      <div
        className="title"
      >
        <h2>
          Members:
        </h2>
        <h2
          className="lightBlue"
        >
          0
        </h2>
      </div>
      <div
        className="description"
      >
        All members on this care team
      </div>
    </div>
    <div
      className="boxWrapper"
    >
      <form
        className="container toggle"
      >
        <div
          className="container checked enabled"
        >
          <input
            checked={true}
            disabled={false}
            id="showAllPatients-true"
            name="showAllPatients"
            onChange={[Function]}
            onClick={undefined}
            readOnly={false}
            type="radio"
            value="true"
          />
          <label
            className=""
            htmlFor="showAllPatients-true"
          >
            All Members
          </label>
        </div>
        <div
          className="container enabled"
        >
          <input
            checked={false}
            disabled={false}
            id="showAllPatients-false"
            name="showAllPatients"
            onChange={[Function]}
            onClick={undefined}
            readOnly={false}
            type="radio"
            value="false"
          />
          <label
            className=""
            htmlFor="showAllPatients-false"
          >
            My Panel
          </label>
        </div>
      </form>
    </div>
    <div
      className="boxWrapper"
    >
      <div
        className="buttonGroup"
      >
        <button
          className="button white button"
          disabled={false}
          onClick={[Function]}
        >
          <span
            className="flex"
          >
            <span>
              Filter
            </span>
          </span>
        </button>
      </div>
    </div>
  </div>
  <div
    className="patientPanelBody"
  >
    <div
      className="container"
    >
      <div
        className="loadingSpinner"
      />
    </div>
  </div>
  <div
    className="container"
  >
    <div
      className="header"
    >
      <label
        className="label"
        htmlFor={undefined}
      >
        Filter Panel
      </label>
      <div
        className="buttonContainer"
      >
        <button
          className="button white button"
          disabled={false}
          onClick={[Function]}
        >
          <span
            className="flex"
          >
            <span>
              Cancel
            </span>
          </span>
        </button>
        <button
          className="button button"
          disabled={false}
          onClick={[Function]}
        >
          <span
            className="flex"
          >
            <span>
              Apply
            </span>
          </span>
        </button>
      </div>
    </div>
    <div
      className="fields"
    >
      <div
        className="inputGroup"
      >
        <button
          className="button white fullWidth"
          disabled={false}
          onClick={[Function]}
        >
          <span
            className="flex"
          >
            <span>
              Clear Filters
            </span>
          </span>
        </button>
      </div>
      <div
        className="inputGroup"
      >
        <label
          className="label"
          htmlFor={undefined}
        >
          Age
        </label>
        <select
          className="select large"
          disabled={undefined}
          name="ageRange"
          onChange={[Function]}
          required={true}
          value="endToEnd"
        >
          <option
            disabled={false}
            value=""
          >
            Select age range
          </option>
          <option
            disabled={undefined}
            value="endTo19"
          >
            19 and under
          </option>
          <option
            disabled={undefined}
            value="20To24"
          >
            20 - 24 years old
          </option>
          <option
            disabled={undefined}
            value="25To29"
          >
            25 - 29 years old
          </option>
          <option
            disabled={undefined}
            value="30To34"
          >
            30 - 34 years old
          </option>
          <option
            disabled={undefined}
            value="35To39"
          >
            35 - 39 years old
          </option>
          <option
            disabled={undefined}
            value="40To49"
          >
            40 - 49 years old
          </option>
          <option
            disabled={undefined}
            value="50To59"
          >
            50 - 59 years old
          </option>
          <option
            disabled={undefined}
            value="60To69"
          >
            60 - 69 years old
          </option>
          <option
            disabled={undefined}
            value="70To79"
          >
            70 - 79 years old
          </option>
          <option
            disabled={undefined}
            value="80ToEnd"
          >
            80 and older
          </option>
        </select>
      </div>
      <div
        className="inputGroup"
      >
        <label
          className="label"
          htmlFor={undefined}
        >
          Gender
        </label>
        <select
          className="select large noValue"
          disabled={undefined}
          name="gender"
          onChange={[Function]}
          required={undefined}
          value=""
        >
          <option
            disabled={false}
            value=""
          >
            Select gender
          </option>
          <option
            disabled={undefined}
            value="female"
          >
            Female
          </option>
          <option
            disabled={undefined}
            value="male"
          >
            Male
          </option>
          <option
            disabled={undefined}
            value="nonbinary"
          >
            Non-binary
          </option>
          <option
            disabled={undefined}
            value="transgender"
          >
            Transgender
          </option>
        </select>
      </div>
      <div
        className="inputGroup"
      >
        <label
          className="label"
          htmlFor={undefined}
        >
          Location
        </label>
        <input
          className="input"
          id=""
          name="zip"
          onBlur={undefined}
          onChange={[Function]}
          onFocus={undefined}
          onKeyDown={undefined}
          pattern={undefined}
          placeholder="Search by zip code"
          required={false}
          type="text"
          value=""
        />
      </div>
      <div
        className="inputGroup"
      >
        <label
          className="label"
          htmlFor={undefined}
        >
          Assigned to a care worker
        </label>
        <select
          className="select large noValue"
          disabled={undefined}
          name="careWorkerId"
          onChange={[Function]}
          required={true}
          value=""
        >
          <option
            disabled={false}
            value=""
          >
            Select the care worker
          </option>
        </select>
      </div>
      <div
        className="inputGroup"
      >
        <label
          className="label"
          htmlFor={undefined}
        >
          Patient status
        </label>
        <select
          className="select large noValue"
          disabled={undefined}
          name="patientState"
          onChange={[Function]}
          required={undefined}
          value=""
        >
          <option
            disabled={false}
            value=""
          >
            Select a patient status
          </option>
          <option
            disabled={undefined}
            value="assigned"
          >
            Assigned
          </option>
          <option
            disabled={undefined}
            value="attributed"
          >
            Attributed
          </option>
          <option
            disabled={undefined}
            value="consented"
          >
            Consented
          </option>
          <option
            disabled={undefined}
            value="disenrolled"
          >
            Disenrolled
          </option>
          <option
            disabled={undefined}
            value="enrolled"
          >
            Enrolled
          </option>
          <option
            disabled={undefined}
            value="ineligible"
          >
            Ineligible
          </option>
          <option
            disabled={undefined}
            value="outreach"
          >
            Outreach
          </option>
        </select>
      </div>
    </div>
  </div>
</div>
`;
