// Jest Snapshot v1, https://goo.gl/fbAQLP

exports[`renders authentication container correctly 1`] = `<div />`;

exports[`shallow rendered renders authentication container correctly with current user 1`] = `
<div>
  <Connect(Apollo(Header))
    currentUser={
      Object {
        "createdAt": "2017-09-07T13:45:14.532Z",
        "email": "a@b.com",
        "firstName": "first",
        "googleProfileImageUrl": null,
        "homeClinicId": "clinic-id",
        "id": "id",
        "lastName": "last",
        "locale": "en",
        "phone": "(212) 555-8394",
        "updatedAt": "2017-09-07T13:45:14.532Z",
        "userRole": "physician",
      }
    }
  />
  <div
    className="app"
  >
    <div />
  </div>
  <Connect(Apollo(ProgressNoteContainer)) />
  <Unknown
    idleEnd={[MockFunction]}
    isIdle={false}
  />
</div>
`;
