// Jest Snapshot v1, https://goo.gl/fbAQLP

exports[`renders header 1`] = `
<div
  className="header"
>
  <div
    className="container"
  >
    <div
      className="left"
    >
      <a
        className="link"
        href="/"
        onClick={[Function]}
      >
        <div
          className="mark"
        />
      </a>
      <a
        className="navItem"
        href="/search"
        onClick={[Function]}
      >
        <div
          className="defaultIcon searchIcon"
        />
        <div
          className="navText"
        >
          Search
        </div>
      </a>
      <a
        className="navItem"
        href="/patients"
        onClick={[Function]}
      >
        <div
          className="defaultIcon patientsIcon"
        />
        <div
          className="navText"
        >
          Members
        </div>
      </a>
      <a
        className="navItem selected relativeNavItem"
        href="/tasks/assigned"
        onClick={[Function]}
      >
        <div
          className="defaultIcon tasksIcon"
        />
        <div
          className="navText"
        >
          My Tasks
        </div>
        <div
          className="notificationBadge"
        />
      </a>
      <a
        className="navItem relativeNavItem"
        href="/calendar"
        onClick={[Function]}
      >
        <svg
          aria-hidden="true"
          className="MuiSvgIcon-root-1 icon white calendarIcon"
          focusable="false"
          viewBox="0 0 24 24"
        >
          <g>
            <path
              d="M19 3h-1V1h-2v2H8V1H6v2H5c-1.11 0-1.99.9-1.99 2L3 19c0 1.1.89 2 2 2h14c1.1 0 2-.9 2-2V5c0-1.1-.9-2-2-2zm0 16H5V8h14v11zM7 10h5v5H7z"
            />
          </g>
        </svg>
        <div
          className="navText"
        >
          My Calendar
        </div>
      </a>
    </div>
    <div
      className="right"
    >
      <a
        className="zendeskIconContainer"
        href="https://cityblock.zendesk.com/hc/en-us/requests/new"
        onClick={[Function]}
        target="_blank"
      >
        <svg
          aria-hidden="true"
          className="MuiSvgIcon-root-1 icon white zendeskIcon"
          focusable="false"
          viewBox="0 0 24 24"
        >
          <g>
            <path
              d="M12 2C6.48 2 2 6.48 2 12s4.48 10 10 10 10-4.48 10-10S17.52 2 12 2zm1 17h-2v-2h2v2zm2.07-7.75l-.9.92C13.45 12.9 13 13.5 13 15h-2v-.5c0-1.1.45-2.1 1.17-2.83l1.24-1.26c.37-.36.59-.86.59-1.41 0-1.1-.9-2-2-2s-2 .9-2 2H8c0-2.21 1.79-4 4-4s4 1.79 4 4c0 .88-.36 1.68-.93 2.25z"
            />
          </g>
        </svg>
      </a>
      <div
        className="dropdownContainer"
      >
        <div
          className="userInfo"
        >
          <div
            className="userName"
          >
            first last
          </div>
          <div
            className="userRole"
          >
            physician
          </div>
        </div>
        <div
          className="userPhoto"
          style={
            Object {
              "backgroundImage": "url('null')",
            }
          }
        />
        <div
          className="dropdown"
        >
          <a
            href="/settings"
            onClick={[Function]}
          >
            <div
              className="smallIcon settingsIcon"
            />
            <span>
              Settings
            </span>
          </a>
          <a
            onClick={[MockFunction]}
          >
            <div
              className="smallIcon logoutIcon"
            />
            <span>
              Logout
            </span>
          </a>
        </div>
      </div>
    </div>
  </div>
</div>
`;
