// Jest Snapshot v1, https://goo.gl/fbAQLP

exports[`renders header 1`] = `
<div
  className="header"
>
  <div
    className="container"
  >
    <div
      className="left"
    >
      <a
        className="link"
        href="/"
        onClick={[Function]}
      >
        <div
          className="mark"
        />
      </a>
      <div
        className="navItem"
      >
        <div
          className="searchIcon"
        />
        <div
          className="navText"
        >
          Search
        </div>
      </div>
      <a
        className="navItem"
        href="/patients"
        onClick={[Function]}
      >
        <div
          className="patientsIcon"
        />
        <div
          className="navText"
        >
          Patients
        </div>
      </a>
      <a
        className="navItem relativeNavItem"
        href="/tasks"
        onClick={[Function]}
      >
        <div
          className="tasksIcon"
        />
        <div
          className="navText"
        >
          Tasks
        </div>
        <div
          className="notificationBadge"
        />
      </a>
    </div>
    <div
      className="right"
    >
      <div
        className="userInfo"
      >
        <div
          className="userName"
        >
          first last
        </div>
        <div
          className="userRole"
        >
          physician
        </div>
      </div>
      <div
        className="userPhoto"
        style={
          Object {
            "backgroundImage": "url('null')",
          }
        }
      />
      <div
        className="dropdown"
      >
        <a
          href="/settings"
          onClick={[Function]}
        >
          <div
            className="settingsIcon"
          />
          <span>
            Settings
          </span>
        </a>
        <a
          onClick={[Function]}
        >
          <div
            className="logoutIcon"
          />
          <span>
            Logout
          </span>
        </a>
      </div>
    </div>
  </div>
</div>
`;
