// Jest Snapshot v1, https://goo.gl/fbAQLP

exports[`renders idle popup 1`] = `
<div
  className="background"
>
  <div
    className="content"
  >
    <div>
      <div
        className="idlePopupTitle"
      >
        Looks like you are idle
      </div>
      <div
        className="idleSubheading"
      >
        Please click below to prevent from being automatically logged out
      </div>
      <div
        className="idleButton"
        onClick={[Function]}
      >
        Keep me logged in
      </div>
    </div>
  </div>
</div>
`;
