// Jest Snapshot v1, https://goo.gl/fbAQLP

exports[`renders patient info 1`] = `
<div>
  <div
    className="tabs spaceBetween"
  >
    <div>
      <a
        className="tab selected"
        href="/patients/patient-id/patientInfo/active"
        onClick={[Function]}
      >
        Demographics
      </a>
      <a
        className="tab"
        href="/patients/patient-id/patientInfo/documents"
        onClick={[Function]}
      >
        Documents
      </a>
    </div>
    <div>
      <button
        className="button disabled"
        disabled={true}
        onClick={[Function]}
      >
        <span
          className="flex"
        >
          <span>
            Save
          </span>
        </span>
      </button>
    </div>
  </div>
  <div />
</div>
`;
