// Jest Snapshot v1, https://goo.gl/fbAQLP

exports[`renders dropdown answer 1`] = `
<div
  className="fullWidth"
>
  <select
    className="select large"
    disabled={false}
    onChange={[Function]}
    value="answer-id"
  >
    <option
      className="undefined"
      disabled={true}
      value=""
    >
      Select one
    </option>
    <option
      className=""
      value="answer-id"
    >
      answer value
    </option>
  </select>
</div>
`;
