// Jest Snapshot v1, https://goo.gl/fbAQLP

exports[`renders dropdown answer 1`] = `
<div
  className="questionBody"
>
  <select
    className="select select"
    disabled={false}
    onChange={[Function]}
    value="answer-id"
  >
    <option
      disabled={true}
      value="Select one"
    >
      Select one
    </option>
    <option
      value="answer-id"
    >
      answer value
    </option>
  </select>
</div>
`;
