// Jest Snapshot v1, https://goo.gl/fbAQLP

exports[`renders dropdown answer 1`] = `
<select
  className="select large"
  disabled={false}
  name={undefined}
  onChange={[Function]}
  required={undefined}
  value="answer-id"
>
  <option
    disabled={true}
    value=""
  >
    Select one
  </option>
  <option
    disabled={undefined}
    value="answer-id"
  >
    answer value
  </option>
</select>
`;
