// Jest Snapshot v1, https://goo.gl/fbAQLP

exports[`renders a multi-select answer 1`] = `
<div
  className="container"
>
  <input
    checked={false}
    disabled={false}
    id="answer"
    onChange={[Function]}
    type="checkbox"
    value="answer"
  />
  <label
    htmlFor="answer"
  >
    Answer
  </label>
</div>
`;
