// Jest Snapshot v1, https://goo.gl/fbAQLP

exports[`renders radio answer 1`] = `
<form
  className="container"
>
  <div
    className="container checked enabled"
  >
    <input
      checked={true}
      disabled={false}
      id="answer-id-answer-id"
      name="answer-id"
      onChange={[Function]}
      onClick={undefined}
      readOnly={false}
      type="radio"
      value="answer-id"
    />
    <label
      className=""
      htmlFor="answer-id-answer-id"
    >
      answer value
    </label>
  </div>
</form>
`;
