// Jest Snapshot v1, https://goo.gl/fbAQLP

exports[`renders radio answer 1`] = `
<div
  className="questionBody noBottomPadding"
>
  <div
    className="radioGroup"
  >
    <div
      className="radioGroupOptions radioGroup"
    >
      <div
        className="radioGroupItem"
      >
        <div
          className="radioGroupContainer"
        >
          <input
            checked={true}
            className="radio"
            disabled={false}
            onChange={[Function]}
            type="radio"
            value="answer-id"
          />
          <label
            className="radioFill"
          />
        </div>
        <span
          className="radioLabel radioLabel"
          onClick={[Function]}
        >
          answer value
        </span>
      </div>
    </div>
  </div>
</div>
`;
