// Jest Snapshot v1, https://goo.gl/fbAQLP

exports[`builder concerns renders builder questions 1`] = `
<div
  className="container"
>
  <div
    className="sortSearchBar"
  >
    <div
      className="sort"
    >
      <div
        className="sortLabel"
      >
        Questions for assessment/tool/progress note template:
      </div>
      <div
        className="sortDropdown"
      >
        <select
          onChange={[Function]}
          value=""
        />
      </div>
    </div>
    <div
      className="createContainer"
    >
      <button
        className="button"
        disabled={false}
        onClick={[Function]}
      >
        <span
          className="flex"
        >
          <span>
            Create Question
          </span>
        </span>
      </button>
    </div>
  </div>
  <div
    className="bottomContainer"
  >
    <div
      className="itemsList"
    >
      <div
        className="emptyMessage"
      >
        <div
          className="emptyLogo"
        />
        <div
          className="emptyLabel"
        >
          No Questions
        </div>
      </div>
    </div>
    <div
      className="itemContainer"
    />
  </div>
</div>
`;
