// Jest Snapshot v1, https://goo.gl/fbAQLP

exports[`renders progress note template create 1`] = `
<div
  className="container"
>
  <div
    className="formTop"
  >
    <div
      className="close"
      onClick={[MockFunction]}
    />
  </div>
  <div
    className="formCenter"
  >
    <div
      className="loadingHidden"
    >
      <div
        className="loadingContainer"
      >
        <div
          className="loadingSpinner"
        />
      </div>
    </div>
    <div
      className="inputGroup"
    >
      <TextInput
        name="title"
        onChange={[Function]}
        placeholderMessageId="builder.enterProgressNoteTemplateTitle"
        value=""
      />
    </div>
  </div>
  <div
    className="formBottom"
  >
    <div
      className="formBottomContent"
    >
      <Button
        color="white"
        messageId="builder.cancel"
        onClick={[MockFunction]}
      />
      <Button
        label="Add progress note template"
        onClick={[Function]}
      />
    </div>
  </div>
</div>
`;
