// Jest Snapshot v1, https://goo.gl/fbAQLP

exports[`question row renders progress note template row 1`] = `
<a
  className="container selected"
  href="/route/base/progress-note-template-id"
  onClick={[Function]}
>
  <div
    className="title"
  >
    Progress Note Template Title
  </div>
  <div
    className="meta"
  >
    <div
      className="dateSection createdAtSection"
    >
      <span
        className="dateLabel"
      >
        Created:
      </span>
      <span
        className="dateValue"
      >
        in 2 months
      </span>
    </div>
  </div>
</a>
`;
