// Jest Snapshot v1, https://goo.gl/fbAQLP

exports[`renders question 1`] = `
<div
  className="container"
>
  <div
    className="loading"
  >
    Loading...
  </div>
</div>
`;

exports[`shallow rendered renders with screening tool 1`] = `
<div
  className="container"
>
  <div
    className="deleteConfirmation hidden"
  >
    <div
      className="deleteConfirmationIcon"
    />
    <div
      className="deleteConfirmationText"
    >
      Are you sure you want to delete this question?
    </div>
    <div
      className="deleteConfirmationButtons"
    >
      <div
        className="deleteCancelButton invertedButton"
        onClick={[Function]}
      >
        Cancel
      </div>
      <div
        className="deleteConfirmButton"
        onClick={[Function]}
      >
        Yes, delete
      </div>
    </div>
    <div
      className="deleteError hidden"
    >
      <div
        className="redText smallText"
      >
        Error deleting question.
      </div>
      <div
        className="smallText"
      >
        Please try again.
      </div>
    </div>
  </div>
  <div
    className="itemContainer"
  >
    <div>
      <div
        className="infoRow"
      >
        <div
          className="controls"
        >
          <Link
            className="close"
            replace={false}
            to="/route/base"
          >
            Close
          </Link>
          <div
            className="menuItem"
            onClick={[Function]}
          >
            <div
              className="trashIcon"
            />
            <div
              className="menuLabel"
            >
              Delete question
            </div>
          </div>
        </div>
      </div>
    </div>
    <div
      className="itemBody"
    >
      <div
        className="smallText"
      >
        Title:
      </div>
      <div
        className="largeText title"
        onClick={[Function]}
      >
        Question Title
      </div>
      <div
        className="largeTextEditor hidden"
      >
        <input
          name="editedTitle"
          onBlur={[Function]}
          onChange={[Function]}
          onKeyDown={[Function]}
          value=""
        />
      </div>
      <div
        className="smallText"
      >
        Order:
      </div>
      <div
        className="largeText"
        onClick={[Function]}
      >
        1
      </div>
      <div
        className="largeTextEditor hidden"
      >
        <input
          name="editedOrder"
          onBlur={[Function]}
          onChange={[Function]}
          onKeyDown={[Function]}
          type="number"
          value={1}
        />
      </div>
      <br />
      <div
        className="borderTop"
      >
        <br />
        <div
          className="smallText"
        >
          Answer display:
        </div>
      </div>
      <select
        className="select inputSmall"
        name="answerType"
        onChange={[Function]}
        required={true}
        value="radio"
      >
        <option
          disabled={true}
          value="Select one"
        >
          Select one (Required!)
        </option>
        <option
          value="dropdown"
        >
          dropdown
        </option>
        <option
          value="radio"
        >
          radio
        </option>
        <option
          value="freetext"
        >
          freetext
        </option>
        <option
          value="multiselect"
        >
          multiselect
        </option>
      </select>
      <br />
      <div
        className="smallText"
      >
        Answers:
      </div>
      <div>
        <Apollo(Apollo(Apollo(AnswerCreateEdit)))
          answer={
            Object {
              "concernSuggestions": Array [],
              "createdAt": "Thu Jul 13 2017 16:52:56 GMT-0400 (EDT)",
              "deletedAt": null,
              "displayValue": "answer value",
              "goalSuggestions": Array [],
              "id": "answer-id",
              "inSummary": true,
              "order": 1,
              "questionId": "cool-task-id",
              "riskAdjustmentType": "increment",
              "summaryText": "summary text",
              "updatedAt": "Thu Jul 13 2017 16:52:56 GMT-0400 (EDT)",
              "value": "true",
              "valueType": "boolean",
            }
          }
          questionId="cool-question-id"
          screeningToolAnswer={false}
        />
      </div>
      <div
        className="smallText"
      >
        Create answer:
      </div>
      <Apollo(Apollo(Apollo(AnswerCreateEdit)))
        questionId="cool-question-id"
        screeningToolAnswer={false}
      />
      <div
        className="smallText"
      >
        Applicable if type:
      </div>
      <br />
      <select
        className="select inputSmall"
        name="applicableIfType"
        onChange={[Function]}
        value="allTrue"
      >
        <option
          disabled={true}
          value="Select one"
        >
          Select one (Required!)
        </option>
        <option
          value="oneTrue"
        >
          one true
        </option>
        <option
          value="allTrue"
        >
          all true
        </option>
      </select>
      <br />
      <QuestionConditions
        questionConditions={
          Array [
            Object {
              "answerId": "answer-id",
              "id": "question-condition",
              "questionId": "cool-question-id",
            },
          ]
        }
        questionId="cool-question-id"
        questions={
          Array [
            Object {
              "answerType": "radio",
              "answers": Array [
                Object {
                  "concernSuggestions": Array [],
                  "createdAt": "Thu Jul 13 2017 16:52:56 GMT-0400 (EDT)",
                  "deletedAt": null,
                  "displayValue": "answer value",
                  "goalSuggestions": Array [],
                  "id": "answer-id",
                  "inSummary": true,
                  "order": 1,
                  "questionId": "cool-task-id",
                  "riskAdjustmentType": "increment",
                  "summaryText": "summary text",
                  "updatedAt": "Thu Jul 13 2017 16:52:56 GMT-0400 (EDT)",
                  "value": "true",
                  "valueType": "boolean",
                },
              ],
              "applicableIfQuestionConditions": Array [
                Object {
                  "answerId": "answer-id",
                  "id": "question-condition",
                  "questionId": "cool-question-id",
                },
              ],
              "applicableIfType": "allTrue",
              "createdAt": "Thu Jul 13 2017 16:52:56 GMT-0400 (EDT)",
              "deletedAt": null,
              "dueAt": "Thu Jul 13 2017 16:52:56 GMT-0400 (EDT)",
              "id": "cool-question-id",
              "order": 1,
              "riskAreaId": "risk-area-id",
              "screeningToolId": null,
              "title": "Question Title",
              "updatedAt": "Thu Jul 13 2017 16:52:56 GMT-0400 (EDT)",
              "validatedSource": "validated source",
            },
          ]
        }
      />
    </div>
  </div>
</div>
`;
