// Jest Snapshot v1, https://goo.gl/fbAQLP

exports[`risk area row renders risk area row 1`] = `
<a
  className="container selected"
  href="/foo/bar/cool-risk-area-id"
  onClick={[Function]}
>
  <div
    className="title"
  >
    Risk Area Title
  </div>
  <div
    className="meta"
  >
    <div
      className="dateSection orderSection"
    >
      <span
        className="dateLabel"
      >
        Order:
      </span>
      <span
        className="dateValue"
      >
        1
      </span>
    </div>
    <div
      className="dateSection createdAtSection"
    >
      <span
        className="dateLabel"
      >
        Created:
      </span>
      <span
        className="dateValue"
      >
        6 days ago
      </span>
    </div>
  </div>
</a>
`;
