// Jest Snapshot v1, https://goo.gl/fbAQLP

exports[`screening tool row renders screening tool row 1`] = `
<a
  className="container selected"
  href="/foo/bar/screening-tool-id"
  onClick={[Function]}
>
  <div
    className="title"
  >
    Screening Tool
  </div>
  <div
    className="meta"
  >
    <div
      className="dateSection orderSection"
    >
      <span
        className="dateLabel"
      >
        Risk Area:
      </span>
      <span
        className="dateValue"
      >
        cool-risk-area-id
      </span>
    </div>
    <div
      className="dateSection createdAtSection"
    >
      <span
        className="dateLabel"
      >
        Created:
      </span>
      <span
        className="dateValue"
      >
        6 days ago
      </span>
    </div>
  </div>
</a>
`;
