// Jest Snapshot v1, https://goo.gl/fbAQLP

exports[`renders screening tool screate 1`] = `
<div
  className="container"
>
  <div
    className="formTop"
  >
    <div
      className="close"
      onClick={[Function]}
    />
  </div>
  <div
    className="formCenter"
  >
    <div
      className="loadingHidden"
    >
      <div
        className="loadingContainer"
      >
        <div
          className="loadingSpinner"
        />
      </div>
    </div>
    <div
      className="inputGroup"
    >
      <input
        className="input"
        id=""
        name="title"
        onBlur={undefined}
        onChange={[Function]}
        onFocus={undefined}
        onKeyDown={undefined}
        pattern={undefined}
        placeholder="Enter screening tool title"
        required={false}
        type="text"
        value=""
      />
      <select
        className="select noValue"
        disabled={undefined}
        name="riskAreaId"
        onChange={[Function]}
        required={true}
        value=""
      >
        <option
          disabled={true}
          value=""
        >
          
        </option>
        <option
          value="cool-risk-area-id"
        >
          Risk Area Title
        </option>
      </select>
    </div>
  </div>
  <div
    className="formBottom"
  >
    <div
      className="formBottomContent"
    >
      <button
        className="button white"
        disabled={false}
        onClick={[Function]}
      >
        <span
          className="flex"
        >
          <span>
            Cancel
          </span>
        </span>
      </button>
      <button
        className="button"
        disabled={false}
        onClick={[Function]}
      >
        <span
          className="flex"
        >
          <span>
            Add screening tool
          </span>
        </span>
      </button>
    </div>
  </div>
</div>
`;
