// Jest Snapshot v1, https://goo.gl/fbAQLP

exports[`renders task template create-edit 1`] = `
<div
  className="borderContainer"
>
  <div
    className="error"
  />
  <div
    className="loadingHidden"
  >
    <div
      className="loadingContainer"
    >
      <div
        className="loadingSpinner"
      />
    </div>
  </div>
  <div
    className="inputGroup"
  >
    <div
      className="smallText"
    >
      Task Template ID: 
      task-template-id
    </div>
    <br />
    <div
      className="inlineInputGroup"
    >
      <div
        className="smallText"
      >
        Title:
      </div>
      <input
        className="input"
        id=""
        name="title"
        onChange={[Function]}
        placeholder="Enter task title"
        required={false}
        type="text"
        value="Task Template Title"
      />
    </div>
    <div
      className="inlineInputGroup"
    >
      <div
        className="smallText"
      >
        Priority:
      </div>
      <select
        className="select"
        name="priority"
        onChange={[Function]}
        value="high"
      >
        <option
          className="option disabled"
          disabled={true}
          value=""
        >
          Select Priority
        </option>
        <option
          className="option"
          value="low"
        >
          Low
        </option>
        <option
          className="option"
          value="medium"
        >
          Medium
        </option>
        <option
          className="option"
          value="high"
        >
          High
        </option>
      </select>
    </div>
    <div
      className="inlineInputGroup"
    >
      <div
        className="smallText"
      >
        Repeating:
      </div>
      <select
        className="select"
        name="repeating"
        onChange={[Function]}
        required={true}
        value="false"
      >
        <option
          className="option"
          value="true"
        >
          Yes
        </option>
        <option
          className="option"
          value="false"
        >
          No
        </option>
      </select>
    </div>
    <div
      className="inlineInputGroup"
    >
      <div
        className="smallText"
      >
        Completed Within Interval:
      </div>
      <select
        className="select"
        name="completedWithinInterval"
        onChange={[Function]}
        value="hour"
      >
        <option
          className="option disabled"
          disabled={true}
          value=""
        >
          Select interval
        </option>
        <option
          className="option"
          value="hour"
        >
          Hour
        </option>
        <option
          className="option"
          value="day"
        >
          Day
        </option>
        <option
          className="option"
          value="week"
        >
          Week
        </option>
        <option
          className="option"
          value="month"
        >
          Month
        </option>
        <option
          className="option"
          value="year"
        >
          Year
        </option>
      </select>
    </div>
    <div
      className="inlineInputGroup"
    >
      <div
        className="smallText"
      >
        Completed Within Number:
      </div>
      <select
        className="select"
        name="completedWithinNumber"
        onChange={[Function]}
        value="1"
      >
        <option
          className="option disabled"
          disabled={true}
          value=""
        >
          Select number
        </option>
        <option
          className="option"
          value="1"
        >
          1
        </option>
        <option
          className="option"
          value="2"
        >
          2
        </option>
        <option
          className="option"
          value="3"
        >
          3
        </option>
        <option
          className="option"
          value="4"
        >
          4
        </option>
        <option
          className="option"
          value="5"
        >
          5
        </option>
        <option
          className="option"
          value="6"
        >
          6
        </option>
        <option
          className="option"
          value="7"
        >
          7
        </option>
        <option
          className="option"
          value="8"
        >
          8
        </option>
        <option
          className="option"
          value="9"
        >
          9
        </option>
        <option
          className="option"
          value="10"
        >
          10
        </option>
      </select>
    </div>
    <div
      className="inlineInputGroup"
    >
      <div
        className="smallText"
      >
        Default Assignee Role:
      </div>
      <select
        className="select"
        name="careTeamAssigneeRole"
        onChange={[Function]}
        value="physician"
      >
        <option
          className="option disabled"
          disabled={true}
          value=""
        >
          Select role
        </option>
        <option
          className="option"
          value="Back_Office_Admin"
        >
          Back Office Admin
        </option>
        <option
          className="option"
          value="Behavioral_Health_Nurse_Practitioner"
        >
          Behavioral Health Nurse Practitioner
        </option>
        <option
          className="option"
          value="Behavioral_Health_Specialist"
        >
          Behavioral Health Specialist
        </option>
        <option
          className="option"
          value="Clinical_Operations_Lead"
        >
          Clinical Operations Lead
        </option>
        <option
          className="option"
          value="Clinical_Operations_Manager"
        >
          Clinical Operations Manager
        </option>
        <option
          className="option"
          value="Community_Engagement_Manager"
        >
          Community Engagement Manager
        </option>
        <option
          className="option"
          value="Community_Health_Partner"
        >
          Community Health Partner
        </option>
        <option
          className="option"
          value="Hub_Care_Coordinator"
        >
          Hub Care Coordinator
        </option>
        <option
          className="option"
          value="Hub_Operations_Manager"
        >
          Hub Operations Manager
        </option>
        <option
          className="option"
          value="Hub_RN"
        >
          Hub RN
        </option>
        <option
          className="option"
          value="Member_Experience_Advocate"
        >
          Member Experience Advocate
        </option>
        <option
          className="option"
          value="Nurse_Care_Manager"
        >
          Nurse Care Manager
        </option>
        <option
          className="option"
          value="Nurse_Practitioner"
        >
          Nurse Practitioner
        </option>
        <option
          className="option"
          value="Outreach_Specialist"
        >
          Outreach Specialist
        </option>
        <option
          className="option"
          value="Pharmacist"
        >
          Pharmacist
        </option>
        <option
          className="option"
          value="Primary_Care_Physician"
        >
          Primary Care Physician
        </option>
        <option
          className="option"
          value="Psychiatrist"
        >
          Psychiatrist
        </option>
      </select>
    </div>
    <div
      className="smallText"
    >
      Select a CBO category to make task template a CBO referral task:
    </div>
    <select
      className="select large noValue"
      onChange={[Function]}
      value=""
    >
      <option
        className="option disabled"
        disabled={true}
        value=""
      >
        Loading...
      </option>
    </select>
  </div>
  <div
    className="formBottom"
  >
    <div
      className="formBottomContent"
    >
      <button
        className="button"
        disabled={false}
        onClick={[Function]}
      >
        <span
          className="flex"
        >
          <span>
            Save
          </span>
        </span>
      </button>
      <div
        onClick={[Function]}
      >
        delete
      </div>
    </div>
  </div>
</div>
`;
