// Jest Snapshot v1, https://goo.gl/fbAQLP

exports[`renders task template create-edit 1`] = `
<div
  className="borderContainer"
>
  <div
    className="error"
  />
  <div
    className="loadingHidden"
  >
    <div
      className="loadingContainer"
    >
      <div
        className="loadingSpinner"
      />
    </div>
  </div>
  <div
    className="inputGroup"
  >
    <div
      className="smallText"
    >
      Task Template ID: 
      task-template-id
    </div>
    <br />
    <div
      className="inlineInputGroup"
    >
      <div
        className="smallText"
      >
        Title:
      </div>
      <input
        className="input"
        id=""
        name="title"
        onBlur={undefined}
        onChange={[Function]}
        onFocus={undefined}
        onKeyDown={undefined}
        pattern={undefined}
        placeholder="Enter task title"
        required={false}
        type="text"
        value="Task Template Title"
      />
    </div>
    <div
      className="inlineInputGroup"
    >
      <div
        className="smallText"
      >
        Priority:
      </div>
      <select
        className="select"
        disabled={undefined}
        name="priority"
        onChange={[Function]}
        required={undefined}
        value="high"
      >
        <option
          disabled={true}
          value=""
        >
          
        </option>
        <option
          disabled={undefined}
          value="low"
        >
          low
        </option>
        <option
          disabled={undefined}
          value="medium"
        >
          medium
        </option>
        <option
          disabled={undefined}
          value="high"
        >
          high
        </option>
      </select>
    </div>
    <div
      className="inlineInputGroup"
    >
      <div
        className="smallText"
      >
        Repeating:
      </div>
      <select
        className="select"
        disabled={undefined}
        name="repeating"
        onChange={[Function]}
        required={true}
        value="false"
      >
        <option
          disabled={undefined}
          value="true"
        >
          true
        </option>
        <option
          disabled={undefined}
          value="false"
        >
          false
        </option>
      </select>
    </div>
    <div
      className="inlineInputGroup"
    >
      <div
        className="smallText"
      >
        Completed Within Interval:
      </div>
      <select
        name="completedWithinInterval"
        onChange={[Function]}
        value="hour"
      >
        <option
          disabled={true}
          value=""
        >
          
        </option>
        <option
          disabled={undefined}
          value="hour"
        >
          hour
        </option>
        <option
          disabled={undefined}
          value="day"
        >
          day
        </option>
        <option
          disabled={undefined}
          value="week"
        >
          week
        </option>
        <option
          disabled={undefined}
          value="month"
        >
          month
        </option>
        <option
          disabled={undefined}
          value="year"
        >
          year
        </option>
      </select>
    </div>
    <div
      className="inlineInputGroup"
    >
      <div
        className="smallText"
      >
        Completed Within Number:
      </div>
      <select
        name="completedWithinNumber"
        onChange={[Function]}
        value="1"
      >
        <option
          disabled={true}
          value=""
        >
          
        </option>
        <option
          disabled={undefined}
          value="1"
        >
          1
        </option>
        <option
          disabled={undefined}
          value="2"
        >
          2
        </option>
        <option
          disabled={undefined}
          value="3"
        >
          3
        </option>
        <option
          disabled={undefined}
          value="4"
        >
          4
        </option>
        <option
          disabled={undefined}
          value="5"
        >
          5
        </option>
        <option
          disabled={undefined}
          value="6"
        >
          6
        </option>
        <option
          disabled={undefined}
          value="7"
        >
          7
        </option>
        <option
          disabled={undefined}
          value="8"
        >
          8
        </option>
        <option
          disabled={undefined}
          value="9"
        >
          9
        </option>
        <option
          disabled={undefined}
          value="10"
        >
          10
        </option>
      </select>
    </div>
    <div
      className="inlineInputGroup"
    >
      <div
        className="smallText"
      >
        Default Assignee Role:
      </div>
      <select
        className="select"
        disabled={undefined}
        name="careTeamAssigneeRole"
        onChange={[Function]}
        required={undefined}
        value="physician"
      >
        <option
          disabled={true}
          value=""
        >
          
        </option>
        <option
          disabled={undefined}
          value="physician"
        >
          physician
        </option>
        <option
          disabled={undefined}
          value="nurseCareManager"
        >
          nurseCareManager
        </option>
        <option
          disabled={undefined}
          value="healthCoach"
        >
          healthCoach
        </option>
        <option
          disabled={undefined}
          value="familyMember"
        >
          familyMember
        </option>
        <option
          disabled={undefined}
          value="primaryCarePhysician"
        >
          primaryCarePhysician
        </option>
        <option
          disabled={undefined}
          value="communityHealthPartner"
        >
          communityHealthPartner
        </option>
        <option
          disabled={undefined}
          value="psychiatrist"
        >
          psychiatrist
        </option>
      </select>
    </div>
    <div
      className="smallText"
    >
      Select a CBO category to make task template a CBO referral task:
    </div>
    <select
      className="select large noValue"
      disabled={undefined}
      name={undefined}
      onChange={[Function]}
      required={undefined}
      value=""
    >
      <option
        disabled={true}
        value=""
      >
        Loading...
      </option>
    </select>
  </div>
  <div
    className="formBottom"
  >
    <div
      className="formBottomContent"
    >
      <button
        className="button"
        disabled={false}
        onClick={[Function]}
      >
        <span
          className="flex"
        >
          <span>
            Save
          </span>
        </span>
      </button>
      <div
        onClick={[Function]}
      >
        delete
      </div>
    </div>
  </div>
</div>
`;
